Component: ARM Compiler 5.06 update 7 (build 960) Tool: armlink [4d3601]

==============================================================================

Section Cross References

    main.o(i.main) refers to start_task.o(i.System_Init) for System_Init
    main.o(i.main) refers to stm32f4xx_rcc.o(i.RCC_GetClocksFreq) for RCC_GetClocksFreq
    main.o(i.main) refers to start_task.o(i.start_task_Create) for start_task_Create
    main.o(i.main) refers to main.o(.bss) for getrccclock
    detect_task.o(i.DetectDisplay) refers to detect_task.o(.data) for last_num
    detect_task.o(i.DetectHook) refers to tasks.o(i.xTaskGetTickCount) for xTaskGetTickCount
    detect_task.o(i.DetectHook) refers to detect_task.o(.bss) for errorList
    detect_task.o(i.DetectInit) refers to memseta.o(.text) for __aeabi_memclr4
    detect_task.o(i.DetectInit) refers to memcpya.o(.text) for __aeabi_memcpy4
    detect_task.o(i.DetectInit) refers to detect_task.o(.constdata) for .constdata
    detect_task.o(i.DetectInit) refers to detect_task.o(.bss) for errorList
    detect_task.o(i.DetectInit) refers to remotecontrol.o(i.RC_data_is_error) for RC_data_is_error
    detect_task.o(i.DetectInit) refers to remotecontrol.o(i.slove_RC_lost) for slove_RC_lost
    detect_task.o(i.DetectInit) refers to remotecontrol.o(i.slove_data_error) for slove_data_error
    detect_task.o(i.DetectTask) refers to tasks.o(i.xTaskGetTickCount) for xTaskGetTickCount
    detect_task.o(i.DetectTask) refers to detect_task.o(i.DetectInit) for DetectInit
    detect_task.o(i.DetectTask) refers to tasks.o(i.vTaskDelay) for vTaskDelay
    detect_task.o(i.DetectTask) refers to detect_task.o(i.DetectDisplay) for DetectDisplay
    detect_task.o(i.DetectTask) refers to detect_task.o(.data) for systemTime
    detect_task.o(i.DetectTask) refers to detect_task.o(.bss) for errorList
    detect_task.o(i.getErrorListPoint) refers to detect_task.o(.bss) for errorList
    detect_task.o(i.toe_is_error) refers to detect_task.o(.bss) for errorList
    function_task.o(i.ALL_RESET) refers to stm32f4xx_gpio.o(i.GPIO_ResetBits) for GPIO_ResetBits
    function_task.o(i.ALL_RESET) refers to function_task.o(.data) for working_state
    function_task.o(i.ALL_RESET) refers to motor_control_task.o(.bss) for motor_control
    function_task.o(i.Alley_Oop_ORE) refers to stm32f4xx_gpio.o(i.GPIO_ResetBits) for GPIO_ResetBits
    function_task.o(i.Alley_Oop_ORE) refers to stm32f4xx_gpio.o(i.GPIO_SetBits) for GPIO_SetBits
    function_task.o(i.Alley_Oop_ORE) refers to tasks.o(i.vTaskDelay) for vTaskDelay
    function_task.o(i.Alley_Oop_ORE) refers to motor_control_task.o(i.Clamp_Turn_To_Point) for Clamp_Turn_To_Point
    function_task.o(i.Alley_Oop_ORE) refers to stm32f4xx_gpio.o(i.GPIO_ReadInputDataBit) for GPIO_ReadInputDataBit
    function_task.o(i.Alley_Oop_ORE) refers to function_task.o(i.ALL_RESET) for ALL_RESET
    function_task.o(i.Alley_Oop_ORE) refers to function_task.o(.data) for working_state
    function_task.o(i.Alley_Oop_ORE) refers to function_task.o(.bss) for Turn_Appoint
    function_task.o(i.Alley_Oop_ORE) refers to remotecontrol.o(.bss) for rc_ctrl
    function_task.o(i.Exchang_Low_ORE) refers to stm32f4xx_gpio.o(i.GPIO_ResetBits) for GPIO_ResetBits
    function_task.o(i.Exchang_Low_ORE) refers to stm32f4xx_gpio.o(i.GPIO_SetBits) for GPIO_SetBits
    function_task.o(i.Exchang_Low_ORE) refers to tasks.o(i.vTaskDelay) for vTaskDelay
    function_task.o(i.Exchang_Low_ORE) refers to motor_control_task.o(i.Clamp_Turn_To_Point) for Clamp_Turn_To_Point
    function_task.o(i.Exchang_Low_ORE) refers to motor_control_task.o(i.Up_Down_To_Point) for Up_Down_To_Point
    function_task.o(i.Exchang_Low_ORE) refers to function_task.o(i.ALL_RESET) for ALL_RESET
    function_task.o(i.Exchang_Low_ORE) refers to function_task.o(.data) for working_state
    function_task.o(i.Exchang_Low_ORE) refers to function_task.o(.bss) for Turn_Appoint
    function_task.o(i.Exchang_Upp_ORE) refers to stm32f4xx_gpio.o(i.GPIO_ResetBits) for GPIO_ResetBits
    function_task.o(i.Exchang_Upp_ORE) refers to tasks.o(i.vTaskDelay) for vTaskDelay
    function_task.o(i.Exchang_Upp_ORE) refers to stm32f4xx_gpio.o(i.GPIO_SetBits) for GPIO_SetBits
    function_task.o(i.Exchang_Upp_ORE) refers to motor_control_task.o(i.Clamp_Turn_To_Point) for Clamp_Turn_To_Point
    function_task.o(i.Exchang_Upp_ORE) refers to motor_control_task.o(i.Up_Down_To_Point) for Up_Down_To_Point
    function_task.o(i.Exchang_Upp_ORE) refers to function_task.o(i.ALL_RESET) for ALL_RESET
    function_task.o(i.Exchang_Upp_ORE) refers to function_task.o(.data) for working_state
    function_task.o(i.Exchang_Upp_ORE) refers to function_task.o(.bss) for Turn_Appoint
    function_task.o(i.Function_Control_Init) refers to function_task.o(.data) for L_Motor_Longs
    function_task.o(i.Function_Control_Init) refers to function_task.o(.bss) for L_Up_Appoint
    function_task.o(i.Function_Mode_Set) refers to function_task.o(i.Reomte_Mode_Set) for Reomte_Mode_Set
[...]
    i.prvUnlockQueue                         0x0800482a   Section        0  queue.o(i.prvUnlockQueue)
    prvUnlockQueue                           0x0800482b   Thumb Code   146  queue.o(i.prvUnlockQueue)
    i.pvPortMalloc                           0x080048bc   Section        0  heap_4.o(i.pvPortMalloc)
    i.pvTaskIncrementMutexHeldCount          0x08004a18   Section        0  tasks.o(i.pvTaskIncrementMutexHeldCount)
    i.pxPortInitialiseStack                  0x08004a38   Section        0  port.o(i.pxPortInitialiseStack)
    i.start_task                             0x08004a64   Section        0  start_task.o(i.start_task)
    i.start_task_Create                      0x08004a90   Section        0  start_task.o(i.start_task_Create)
    i.task_Mode_Change_Create                0x08004ac0   Section        0  motor_control_task.o(i.task_Mode_Change_Create)
    i.task_Motor_Control_Create              0x08004af0   Section        0  motor_control_task.o(i.task_Motor_Control_Create)
    i.task_function_Create                   0x08004b24   Section        0  function_task.o(i.task_function_Create)
    i.task_user_UI_Create                    0x08004b58   Section        0  ui_task.o(i.task_user_UI_Create)
    i.user_UI_Task                           0x08004b8c   Section        0  ui_task.o(i.user_UI_Task)
    i.uxListRemove                           0x080051c4   Section        0  list.o(i.uxListRemove)
    i.vListInitialise                        0x080051ec   Section        0  list.o(i.vListInitialise)
    i.vListInitialiseItem                    0x08005206   Section        0  list.o(i.vListInitialiseItem)
    i.vListInsert                            0x0800520c   Section        0  list.o(i.vListInsert)
    i.vListInsertEnd                         0x08005240   Section        0  list.o(i.vListInsertEnd)
    i.vPortEnterCritical                     0x08005258   Section        0  port.o(i.vPortEnterCritical)
    i.vPortExitCritical                      0x080052e8   Section        0  port.o(i.vPortExitCritical)
    i.vPortFree                              0x08005360   Section        0  heap_4.o(i.vPortFree)
    i.vPortSetupTimerInterrupt               0x08005420   Section        0  port.o(i.vPortSetupTimerInterrupt)
    i.vPortValidateInterruptPriority         0x08005440   Section        0  port.o(i.vPortValidateInterruptPriority)
    i.vQueueAddToRegistry                    0x080054e8   Section        0  queue.o(i.vQueueAddToRegistry)
    i.vQueueWaitForMessageRestricted         0x08005514   Section        0  queue.o(i.vQueueWaitForMessageRestricted)
    i.vTaskDelay                             0x08005560   Section        0  tasks.o(i.vTaskDelay)
    i.vTaskDelete                            0x080055dc   Section        0  tasks.o(i.vTaskDelete)
    i.vTaskMissedYield                       0x080056f0   Section        0  tasks.o(i.vTaskMissedYield)
    i.vTaskPlaceOnEventList                  0x080056fc   Section        0  tasks.o(i.vTaskPlaceOnEventList)
    i.vTaskPlaceOnEventListRestricted        0x08005758   Section        0  tasks.o(i.vTaskPlaceOnEventListRestricted)
    i.vTaskPriorityInherit                   0x080057bc   Section        0  tasks.o(i.vTaskPriorityInherit)
    i.vTaskSetTimeOutState                   0x0800586c   Section        0  tasks.o(i.vTaskSetTimeOutState)
    i.vTaskStartScheduler                    0x080058c0   Section        0  tasks.o(i.vTaskStartScheduler)
    i.vTaskSuspendAll                        0x08005974   Section        0  tasks.o(i.vTaskSuspendAll)
    i.vTaskSwitchContext                     0x08005984   Section        0  tasks.o(i.vTaskSwitchContext)
    i.verify_crc16_check_sum                 0x08005a34   Section        0  protocol.o(i.verify_crc16_check_sum)
    i.verify_crc8_check_sum                  0x08005a74   Section        0  protocol.o(i.verify_crc8_check_sum)
    i.xPortStartScheduler                    0x08005aa4   Section        0  port.o(i.xPortStartScheduler)
    i.xPortSysTickHandler                    0x08005c08   Section        0  port.o(i.xPortSysTickHandler)
    i.xQueueGenericCreate                    0x08005c3c   Section        0  queue.o(i.xQueueGenericCreate)
    i.xQueueGenericReceive                   0x08005cb8   Section        0  queue.o(i.xQueueGenericReceive)
    i.xQueueGenericReset                     0x08005e88   Section        0  queue.o(i.xQueueGenericReset)
    i.xQueueGenericSend                      0x08005f40   Section        0  queue.o(i.xQueueGenericSend)
    i.xQueueGenericSendFromISR               0x0800610c   Section        0  queue.o(i.xQueueGenericSendFromISR)
    i.xTaskCheckForTimeOut                   0x08006224   Section        0  tasks.o(i.xTaskCheckForTimeOut)
    i.xTaskCreate                            0x080062cc   Section        0  tasks.o(i.xTaskCreate)
    i.xTaskGetSchedulerState                 0x0800632c   Section        0  tasks.o(i.xTaskGetSchedulerState)
    i.xTaskGetTickCount                      0x0800634c   Section        0  tasks.o(i.xTaskGetTickCount)
    i.xTaskIncrementTick                     0x08006358   Section        0  tasks.o(i.xTaskIncrementTick)
    i.xTaskPriorityDisinherit                0x080064c0   Section        0  tasks.o(i.xTaskPriorityDisinherit)
    i.xTaskRemoveFromEventList               0x080065a0   Section        0  tasks.o(i.xTaskRemoveFromEventList)
    i.xTaskResumeAll                         0x0800665c   Section        0  tasks.o(i.xTaskResumeAll)
    i.xTimerCreateTimerTask                  0x08006784   Section        0  timers.o(i.xTimerCreateTimerTask)
    i.xTimerGenericCommand                   0x080067fc   Section        0  timers.o(i.xTimerGenericCommand)
    .constdata                               0x080068a4   Section      770  protocol.o(.constdata)
    .constdata                               0x08006ba6   Section      770  rm_cilent_ui.o(.constdata)
    .data                                    0x20000000   Section       69  function_task.o(.data)
    working_state                            0x20000004   Data           1  function_task.o(.data)
    flag                                     0x20000037   Data           1  function_task.o(.data)
    flag                                     0x20000038   Data           1  function_task.o(.data)
    flag                                     0x20000039   Data           1  function_task.o(.data)
    flag                                     0x2000003a   Data           1  function_task.o(.data)
    flag                                     0x2000003b   Data           1  function_task.o(.data)
    flag                                     0x2000003c   Data           1  function_task.o(.data)
    E_FLAG                                   0x2000003d   Data           1  function_task.o(.data)
    R_FLAG                                   0x2000003e   Data           1  function_task.o(.data)
    Z_FLAG                                   0x2000003f   Data           1  function_task.o(.data)
    X_FLAG                                   0x20000040   Data           1  function_task.o(.data)
    F_FLAG                                   0x20000041   Data           1  function_task.o(.data)
    G_FLAG                                   0x20000042   Data           1  function_task.o(.data)
    B_FLAG                                   0x20000043   Data           1  function_task.o(.data)
    Q_FLAG                                   0x20000044   Data           1  function_task.o(.data)
    .data                                    0x20000048   Section        4  start_task.o(.data)
    .data                                    0x2000004c   Section       57  motor_control_task.o(.data)
    .data                                    0x20000088   Section        4  ui_task.o(.data)
    .data                                    0x2000008c   Section       18  remotecontrol.o(.data)
    this_time_rx_len                         0x2000009c   Data           2  remotecontrol.o(.data)
    .data                                    0x2000009e   Section        2  can_receive.o(.data)
    i                                        0x2000009f   Data           1  can_receive.o(.data)
    .data                                    0x200000a0   Section        4  time7.o(.data)
    .data                                    0x200000a4   Section       21  usart6.o(.data)
    .data                                    0x200000bc   Section        8  delay.o(.data)
    fac_us                                   0x200000bc   Data           1  delay.o(.data)
    fac_ms                                   0x200000c0   Data           4  delay.o(.data)
    .data                                    0x200000c4   Section       20  system_stm32f4xx.o(.data)
    .data                                    0x200000d8   Section       16  stm32f4xx_rcc.o(.data)
    APBAHBPrescTable                         0x200000d8   Data          16  stm32f4xx_rcc.o(.data)
    .data                                    0x200000e8   Section       60  tasks.o(.data)
    pxDelayedTaskList                        0x200000ec   Data           4  tasks.o(.data)
    pxOverflowDelayedTaskList                0x200000f0   Data           4  tasks.o(.data)
    uxDeletedTasksWaitingCleanUp             0x200000f4   Data           4  tasks.o(.data)
    uxCurrentNumberOfTasks                   0x200000f8   Data           4  tasks.o(.data)
    xTickCount                               0x200000fc   Data           4  tasks.o(.data)
    uxTopReadyPriority                       0x20000100   Data           4  tasks.o(.data)
    xSchedulerRunning                        0x20000104   Data           4  tasks.o(.data)
    uxPendedTicks                            0x20000108   Data           4  tasks.o(.data)
    xYieldPending                            0x2000010c   Data           4  tasks.o(.data)
    xNumOfOverflows                          0x20000110   Data           4  tasks.o(.data)
    uxTaskNumber                             0x20000114   Data           4  tasks.o(.data)
    xNextTaskUnblockTime                     0x20000118   Data           4  tasks.o(.data)
    xIdleTaskHandle                          0x2000011c   Data           4  tasks.o(.data)
    uxSchedulerSuspended                     0x20000120   Data           4  tasks.o(.data)
    .data                                    0x20000124   Section       20  timers.o(.data)
    pxCurrentTimerList                       0x20000124   Data           4  timers.o(.data)
    pxOverflowTimerList                      0x20000128   Data           4  timers.o(.data)
    xTimerQueue                              0x2000012c   Data           4  timers.o(.data)
    xTimerTaskHandle                         0x20000130   Data           4  timers.o(.data)
    xLastTime                                0x20000134   Data           4  timers.o(.data)
    .data                                    0x20000138   Section       12  port.o(.data)
    uxCriticalNesting                        0x20000138   Data           4  port.o(.data)
    ucMaxSysCallPriority                     0x2000013c   Data           1  port.o(.data)
    ulMaxPRIGROUPValue                       0x20000140   Data           4  port.o(.data)
    .data                                    0x20000144   Section       24  heap_4.o(.data)
    xStart                                   0x20000144   Data           8  heap_4.o(.data)
    pxEnd                                    0x2000014c   Data           4  heap_4.o(.data)
    xFreeBytesRemaining                      0x20000150   Data           4  heap_4.o(.data)
    xMinimumEverFreeBytesRemaining           0x20000154   Data           4  heap_4.o(.data)
    xBlockAllocatedBit                       0x20000158   Data           4  heap_4.o(.data)
    .data                                    0x2000015c   Section       34  judgement_info.o(.data)
    datalength                               0x2000017a   Data           1  judgement_info.o(.data)
    i                                        0x2000017b   Data           1  judgement_info.o(.data)
    datalength                               0x2000017c   Data           1  judgement_info.o(.data)
    i                                        0x2000017d   Data           1  judgement_info.o(.data)
    .data                                    0x2000017e   Section        2  protocol.o(.data)
    .data                                    0x20000180   Section       18  rm_cilent_ui.o(.data)
    .bss                                     0x20000194   Section       16  main.o(.bss)
    .bss                                     0x200001a4   Section      468  detect_task.o(.bss)
    errorList                                0x200001a4   Data         468  detect_task.o(.bss)
    .bss                                     0x20000378   Section       44  function_task.o(.bss)
    .bss                                     0x200003a4   Section      484  motor_control_task.o(.bss)
    .bss                                     0x20000588   Section      420  ui_task.o(.bss)
    .bss                                     0x2000072c   Section       94  remotecontrol.o(.bss)
    SBUS_rx_buf                              0x2000072c   Data          72  remotecontrol.o(.bss)
    .bss                                     0x2000078c   Section      152  can_receive.o(.bss)
    up_motor                                 0x2000078c   Data          56  can_receive.o(.bss)
    ore_motor                                0x200007c4   Data          28  can_receive.o(.bss)
    clamp_motor                              0x200007e0   Data          28  can_receive.o(.bss)
    rx1_message                              0x200007fc   Data          20  can_receive.o(.bss)
    rx2_message                              0x20000810   Data          20  can_receive.o(.bss)
    .bss                                     0x20000824   Section      100  usart6.o(.bss)
    .bss                                     0x20000888   Section       64  queue.o(.bss)
    .bss                                     0x200008c8   Section      740  tasks.o(.bss)
    pxReadyTasksLists                        0x200008c8   Data         640  tasks.o(.bss)
    xDelayedTaskList1                        0x20000b48   Data          20  tasks.o(.bss)
    xDelayedTaskList2                        0x20000b5c   Data          20  tasks.o(.bss)
    xPendingReadyList                        0x20000b70   Data          20  tasks.o(.bss)
    xTasksWaitingTermination                 0x20000b84   Data          20  tasks.o(.bss)
    xSuspendedTaskList                       0x20000b98   Data          20  tasks.o(.bss)
    .bss                                     0x20000bac   Section       40  timers.o(.bss)
    xActiveTimerList1                        0x20000bac   Data          20  timers.o(.bss)
    xActiveTimerList2                        0x20000bc0   Data          20  timers.o(.bss)
    .bss                                     0x20000bd4   Section    40960  heap_4.o(.bss)
    ucHeap                                   0x20000bd4   Data       40960  heap_4.o(.bss)
    .bss                                     0x2000abd4   Section      555  judgement_info.o(.bss)
    STACK                                    0x2000ae00   Section     2048  startup_stm32f40_41xxx.o(STACK)

    Global Symbols

    Symbol Name                              Value     Ov Type        Size  Object(Section)

    BuildAttributes$$THM_ISAv4$E$P$D$K$B$S$7EM$VFPi3$EXTD16$VFPS$VFMA$PE$A:L22UL41UL21$X:L11$S22US41US21$IEEE1$IW$USESV6$~STKCKD$USESV7$~SHL$OTIME$ROPI$IEEEX$EBA8$MICROLIB$REQ8$PRES8$EABIv2 0x00000000   Number         0  anon$$obj.o ABSOLUTE
    __ARM_use_no_argv                        0x00000000   Number         0  main.o ABSOLUTE
    __use_no_errno                           0x00000000   Number         0  useno.o ABSOLUTE
    __use_no_exception_handling              0x00000000   Number         0  useno.o ABSOLUTE
    __use_no_fp                              0x00000000   Number         0  useno.o ABSOLUTE
    __use_no_heap                            0x00000000   Number         0  useno.o ABSOLUTE
    __use_no_heap_region                     0x00000000   Number         0  useno.o ABSOLUTE
    __use_no_semihosting                     0x00000000   Number         0  useno.o ABSOLUTE
    __use_no_semihosting_swi                 0x00000000   Number         0  useno.o ABSOLUTE
    __use_no_signal_handling                 0x00000000   Number         0  useno.o ABSOLUTE
    _printf_a                                0x00000000   Number         0  stubs.o ABSOLUTE
    _printf_c                                0x00000000   Number         0  stubs.o ABSOLUTE
    _printf_charcount                        0x00000000   Number         0  stubs.o ABSOLUTE
    _printf_d                                0x00000000   Number         0  stubs.o ABSOLUTE
    _printf_e                                0x00000000   Number         0  stubs.o ABSOLUTE
    _printf_f                                0x00000000   Number         0  stubs.o ABSOLUTE
    _printf_flags                            0x00000000   Number         0  stubs.o ABSOLUTE
    _printf_fp_dec                           0x00000000   Number         0  stubs.o ABSOLUTE
    _printf_fp_hex                           0x00000000   Number         0  stubs.o ABSOLUTE
    _printf_g                                0x00000000   Number         0  stubs.o ABSOLUTE
    _printf_i                                0x00000000   Number         0  stubs.o ABSOLUTE
    _printf_int_dec                          0x00000000   Number         0  stubs.o ABSOLUTE
    _printf_l                                0x00000000   Number         0  stubs.o ABSOLUTE
    _printf_lc                               0x00000000   Number         0  stubs.o ABSOLUTE
    _printf_ll                               0x00000000   Number         0  stubs.o ABSOLUTE
    _printf_lld                              0x00000000   Number         0  stubs.o ABSOLUTE
    _printf_lli                              0x00000000   Number         0  stubs.o ABSOLUTE
    _printf_llo                              0x00000000   Number         0  stubs.o ABSOLUTE
    _printf_llu                              0x00000000   Number         0  stubs.o ABSOLUTE
    _printf_llx                              0x00000000   Number         0  stubs.o ABSOLUTE
    _printf_longlong_dec                     0x00000000   Number         0  stubs.o ABSOLUTE
    _printf_longlong_hex                     0x00000000   Number         0  stubs.o ABSOLUTE
    _printf_longlong_oct                     0x00000000   Number         0  stubs.o ABSOLUTE
    _printf_ls                               0x00000000   Number         0  stubs.o ABSOLUTE
    _printf_mbtowc                           0x00000000   Number         0  stubs.o ABSOLUTE
    _printf_n                                0x00000000   Number         0  stubs.o ABSOLUTE
    _printf_o                                0x00000000   Number         0  stubs.o ABSOLUTE
    _printf_p                                0x00000000   Number         0  stubs.o ABSOLUTE
    _printf_percent                          0x00000000   Number         0  stubs.o ABSOLUTE
    _printf_pre_padding                      0x00000000   Number         0  stubs.o ABSOLUTE
    _printf_return_value                     0x00000000   Number         0  stubs.o ABSOLUTE
    _printf_s                                0x00000000   Number         0  stubs.o ABSOLUTE
    _printf_sizespec                         0x00000000   Number         0  stubs.o ABSOLUTE
    _printf_str                              0x00000000   Number         0  stubs.o ABSOLUTE
    _printf_truncate_signed                  0x00000000   Number         0  stubs.o ABSOLUTE
    _printf_truncate_unsigned                0x00000000   Number         0  stubs.o ABSOLUTE
    _printf_u                                0x00000000   Number         0  stubs.o ABSOLUTE
    _printf_wc                               0x00000000   Number         0  stubs.o ABSOLUTE
    _printf_wctomb                           0x00000000   Number         0  stubs.o ABSOLUTE
    _printf_widthprec                        0x00000000   Number         0  stubs.o ABSOLUTE
    _printf_x                                0x00000000   Number         0  stubs.o ABSOLUTE
    __arm_fini_                               - Undefined Weak Reference
    __cpp_initialize__aeabi_                  - Undefined Weak Reference
    __cxa_finalize                            - Undefined Weak Reference
    _clock_init                               - Undefined Weak Reference
    _microlib_exit                            - Undefined Weak Reference
    __Vectors_Size                           0x00000188   Number         0  startup_stm32f40_41xxx.o ABSOLUTE
    __Vectors                                0x08000000   Data           4  startup_stm32f40_41xxx.o(RESET)
    __Vectors_End                            0x08000188   Data           0  startup_stm32f40_41xxx.o(RESET)
    __main                                   0x08000189   Thumb Code     0  entry.o(.ARM.Collect$$$$00000000)
    _main_stk                                0x08000189   Thumb Code     0  entry2.o(.ARM.Collect$$$$00000001)
    _main_scatterload                        0x0800018d   Thumb Code     0  entry5.o(.ARM.Collect$$$$00000004)
    __main_after_scatterload                 0x08000191   Thumb Code     0  entry5.o(.ARM.Collect$$$$00000004)
    _main_clock                              0x08000191   Thumb Code     0  entry7b.o(.ARM.Collect$$$$00000008)
    _main_cpp_init                           0x08000191   Thumb Code     0  entry8b.o(.ARM.Collect$$$$0000000A)
    _main_init                               0x08000191   Thumb Code     0  entry9a.o(.ARM.Collect$$$$0000000B)
    __rt_lib_shutdown_fini                   0x08000199   Thumb Code     0  entry12b.o(.ARM.Collect$$$$0000000E)
    __rt_final_cpp                           0x0800019d   Thumb Code     0  entry10a.o(.ARM.Collect$$$$0000000F)
    __rt_final_exit                          0x0800019d   Thumb Code     0  entry11a.o(.ARM.Collect$$$$00000011)
    SVC_Handler                              0x080001a1   Thumb Code    28  port.o(.emb_text)
    __asm___6_port_c_39a90d8d__prvStartFirstTask 0x080001c1   Thumb Code    28  port.o(.emb_text)
    __asm___6_port_c_39a90d8d__prvEnableVFP  0x080001e1   Thumb Code    16  port.o(.emb_text)
    PendSV_Handler                           0x080001f5   Thumb Code    88  port.o(.emb_text)
    vPortGetIPSR                             0x08000251   Thumb Code     6  port.o(.emb_text)
    Reset_Handler                            0x08000259   Thumb Code     8  startup_stm32f40_41xxx.o(.text)
    ADC_IRQHandler                           0x08000273   Thumb Code     0  startup_stm32f40_41xxx.o(.text)
    CAN1_RX1_IRQHandler                      0x08000273   Thumb Code     0  startup_stm32f40_41xxx.o(.text)
    CAN1_SCE_IRQHandler                      0x08000273   Thumb Code     0  startup_stm32f40_41xxx.o(.text)
    CAN1_TX_IRQHandler                       0x08000273   Thumb Code     0  startup_stm32f40_41xxx.o(.text)
    CAN2_RX0_IRQHandler                      0x08000273   Thumb Code     0  startup_stm32f40_41xxx.o(.text)
    CAN2_SCE_IRQHandler                      0x08000273   Thumb Code     0  startup_stm32f40_41xxx.o(.text)
    CAN2_TX_IRQHandler                       0x08000273   Thumb Code     0  startup_stm32f40_41xxx.o(.text)
    CRYP_IRQHandler                          0x08000273   Thumb Code     0  startup_stm32f40_41xxx.o(.text)
    DCMI_IRQHandler                          0x08000273   Thumb Code     0  startup_stm32f40_41xxx.o(.text)
    DMA1_Stream0_IRQHandler                  0x08000273   Thumb Code     0  startup_stm32f40_41xxx.o(.text)
    DMA1_Stream1_IRQHandler                  0x08000273   Thumb Code     0  startup_stm32f40_41xxx.o(.text)
    DMA1_Stream2_IRQHandler                  0x08000273   Thumb Code     0  startup_stm32f40_41xxx.o(.text)
    DMA1_Stream3_IRQHandler                  0x08000273   Thumb Code     0  startup_stm32f40_41xxx.o(.text)
    DMA1_Stream4_IRQHandler                  0x08000273   Thumb Code     0  startup_stm32f40_41xxx.o(.text)
    DMA1_Stream5_IRQHandler                  0x08000273   Thumb Code     0  startup_stm32f40_41xxx.o(.text)
    DMA1_Stream6_IRQHandler                  0x08000273   Thumb Code     0  startup_stm32f40_41xxx.o(.text)
    DMA1_Stream7_IRQHandler                  0x08000273   Thumb Code     0  startup_stm32f40_41xxx.o(.text)
    DMA2_Stream0_IRQHandler                  0x08000273   Thumb Code     0  startup_stm32f40_41xxx.o(.text)
    DMA2_Stream1_IRQHandler                  0x08000273   Thumb Code     0  startup_stm32f40_41xxx.o(.text)
    DMA2_Stream2_IRQHandler                  0x08000273   Thumb Code     0  startup_stm32f40_41xxx.o(.text)
    DMA2_Stream3_IRQHandler                  0x08000273   Thumb Code     0  startup_stm32f40_41xxx.o(.text)
    DMA2_Stream4_IRQHandler                  0x08000273   Thumb Code     0  startup_stm32f40_41xxx.o(.text)
    DMA2_Stream5_IRQHandler                  0x08000273   Thumb Code     0  startup_stm32f40_41xxx.o(.text)
    DMA2_Stream6_IRQHandler                  0x08000273   Thumb Code     0  startup_stm32f40_41xxx.o(.text)
    DMA2_Stream7_IRQHandler                  0x08000273   Thumb Code     0  startup_stm32f40_41xxx.o(.text)
    ETH_IRQHandler                           0x08000273   Thumb Code     0  startup_stm32f40_41xxx.o(.text)
    ETH_WKUP_IRQHandler                      0x08000273   Thumb Code     0  startup_stm32f40_41xxx.o(.text)
    EXTI0_IRQHandler                         0x08000273   Thumb Code     0  startup_stm32f40_41xxx.o(.text)
    EXTI15_10_IRQHandler                     0x08000273   Thumb Code     0  startup_stm32f40_41xxx.o(.text)
    EXTI1_IRQHandler                         0x08000273   Thumb Code     0  startup_stm32f40_41xxx.o(.text)
    EXTI2_IRQHandler                         0x08000273   Thumb Code     0  startup_stm32f40_41xxx.o(.text)
    EXTI3_IRQHandler                         0x08000273   Thumb Code     0  startup_stm32f40_41xxx.o(.text)
    EXTI4_IRQHandler                         0x08000273   Thumb Code     0  startup_stm32f40_41xxx.o(.text)
    EXTI9_5_IRQHandler                       0x08000273   Thumb Code     0  startup_stm32f40_41xxx.o(.text)
    FLASH_IRQHandler                         0x08000273   Thumb Code     0  startup_stm32f40_41xxx.o(.text)
    FPU_IRQHandler                           0x08000273   Thumb Code     0  startup_stm32f40_41xxx.o(.text)
    FSMC_IRQHandler                          0x08000273   Thumb Code     0  startup_stm32f40_41xxx.o(.text)
    HASH_RNG_IRQHandler                      0x08000273   Thumb Code     0  startup_stm32f40_41xxx.o(.text)
    I2C1_ER_IRQHandler                       0x08000273   Thumb Code     0  startup_stm32f40_41xxx.o(.text)
    I2C1_EV_IRQHandler                       0x08000273   Thumb Code     0  startup_stm32f40_41xxx.o(.text)
    I2C2_ER_IRQHandler                       0x08000273   Thumb Code     0  startup_stm32f40_41xxx.o(.text)
    I2C2_EV_IRQHandler                       0x08000273   Thumb Code     0  startup_stm32f40_41xxx.o(.text)
    I2C3_ER_IRQHandler                       0x08000273   Thumb Code     0  startup_stm32f40_41xxx.o(.text)
    I2C3_EV_IRQHandler                       0x08000273   Thumb Code     0  startup_stm32f40_41xxx.o(.text)
    OTG_FS_IRQHandler                        0x08000273   Thumb Code     0  startup_stm32f40_41xxx.o(.text)
    OTG_FS_WKUP_IRQHandler                   0x08000273   Thumb Code     0  startup_stm32f40_41xxx.o(.text)
    OTG_HS_EP1_IN_IRQHandler                 0x08000273   Thumb Code     0  startup_stm32f40_41xxx.o(.text)
    OTG_HS_EP1_OUT_IRQHandler                0x08000273   Thumb Code     0  startup_stm32f40_41xxx.o(.text)
    OTG_HS_IRQHandler                        0x08000273   Thumb Code     0  startup_stm32f40_41xxx.o(.text)
    OTG_HS_WKUP_IRQHandler                   0x08000273   Thumb Code     0  startup_stm32f40_41xxx.o(.text)
    PVD_IRQHandler                           0x08000273   Thumb Code     0  startup_stm32f40_41xxx.o(.text)
    RCC_IRQHandler                           0x08000273   Thumb Code     0  startup_stm32f40_41xxx.o(.text)
    RTC_Alarm_IRQHandler                     0x08000273   Thumb Code     0  startup_stm32f40_41xxx.o(.text)
    RTC_WKUP_IRQHandler                      0x08000273   Thumb Code     0  startup_stm32f40_41xxx.o(.text)
    SDIO_IRQHandler                          0x08000273   Thumb Code     0  startup_stm32f40_41xxx.o(.text)
    SPI1_IRQHandler                          0x08000273   Thumb Code     0  startup_stm32f40_41xxx.o(.text)
    SPI2_IRQHandler                          0x08000273   Thumb Code     0  startup_stm32f40_41xxx.o(.text)
    SPI3_IRQHandler                          0x08000273   Thumb Code     0  startup_stm32f40_41xxx.o(.text)
    TAMP_STAMP_IRQHandler                    0x08000273   Thumb Code     0  startup_stm32f40_41xxx.o(.text)
    TIM1_BRK_TIM9_IRQHandler                 0x08000273   Thumb Code     0  startup_stm32f40_41xxx.o(.text)
    TIM1_CC_IRQHandler                       0x08000273   Thumb Code     0  startup_stm32f40_41xxx.o(.text)
    TIM1_TRG_COM_TIM11_IRQHandler            0x08000273   Thumb Code     0  startup_stm32f40_41xxx.o(.text)
    TIM1_UP_TIM10_IRQHandler                 0x08000273   Thumb Code     0  startup_stm32f40_41xxx.o(.text)
    TIM2_IRQHandler                          0x08000273   Thumb Code     0  startup_stm32f40_41xxx.o(.text)
    TIM3_IRQHandler                          0x08000273   Thumb Code     0  startup_stm32f40_41xxx.o(.text)
    TIM4_IRQHandler                          0x08000273   Thumb Code     0  startup_stm32f40_41xxx.o(.text)
    TIM5_IRQHandler                          0x08000273   Thumb Code     0  startup_stm32f40_41xxx.o(.text)
    TIM6_DAC_IRQHandler                      0x08000273   Thumb Code     0  startup_stm32f40_41xxx.o(.text)
    TIM8_BRK_TIM12_IRQHandler                0x08000273   Thumb Code     0  startup_stm32f40_41xxx.o(.text)
    TIM8_CC_IRQHandler                       0x08000273   Thumb Code     0  startup_stm32f40_41xxx.o(.text)
    TIM8_TRG_COM_TIM14_IRQHandler            0x08000273   Thumb Code     0  startup_stm32f40_41xxx.o(.text)
    TIM8_UP_TIM13_IRQHandler                 0x08000273   Thumb Code     0  startup_stm32f40_41xxx.o(.text)
    UART4_IRQHandler                         0x08000273   Thumb Code     0  startup_stm32f40_41xxx.o(.text)
    UART5_IRQHandler                         0x08000273   Thumb Code     0  startup_stm32f40_41xxx.o(.text)
    USART1_IRQHandler                        0x08000273   Thumb Code     0  startup_stm32f40_41xxx.o(.text)
    USART3_IRQHandler                        0x08000273   Thumb Code     0  startup_stm32f40_41xxx.o(.text)
    WWDG_IRQHandler                          0x08000273   Thumb Code     0  startup_stm32f40_41xxx.o(.text)
    __aeabi_memcpy                           0x0800027d   Thumb Code    36  memcpya.o(.text)
    __aeabi_memcpy4                          0x0800027d   Thumb Code     0  memcpya.o(.text)
    __aeabi_memcpy8                          0x0800027d   Thumb Code     0  memcpya.o(.text)
    __aeabi_memset                           0x080002a1   Thumb Code    14  memseta.o(.text)
    __aeabi_memset4                          0x080002a1   Thumb Code     0  memseta.o(.text)
    __aeabi_memset8                          0x080002a1   Thumb Code     0  memseta.o(.text)
    __aeabi_memclr                           0x080002af   Thumb Code     4  memseta.o(.text)
    __aeabi_memclr4                          0x080002af   Thumb Code     0  memseta.o(.text)
    __aeabi_memclr8                          0x080002af   Thumb Code     0  memseta.o(.text)
    _memset$wrapper                          0x080002b3   Thumb Code    18  memseta.o(.text)
    __aeabi_f2d                              0x080002c5   Thumb Code    38  f2d.o(.text)
    __aeabi_cdcmpeq                          0x080002ed   Thumb Code     0  cdcmple.o(.text)
    __aeabi_cdcmple                          0x080002ed   Thumb Code    48  cdcmple.o(.text)
    __aeabi_uidiv                            0x0800031d   Thumb Code     0  uidiv.o(.text)
    __aeabi_uidivmod                         0x0800031d   Thumb Code    44  uidiv.o(.text)
    __I$use$fp                               0x08000349   Thumb Code     0  iusefp.o(.text)
    __scatterload                            0x08000349   Thumb Code    28  init.o(.text)
    __scatterload_rt2                        0x08000349   Thumb Code     0  init.o(.text)
    __decompress                             0x0800036d   Thumb Code     0  __dczerorl2.o(.text)
    __decompress1                            0x0800036d   Thumb Code    86  __dczerorl2.o(.text)
    ALL_RESET                                0x080003c5   Thumb Code    92  function_task.o(i.ALL_RESET)
    Air_Cylinder                             0x08000431   Thumb Code    58  gpio.o(i.Air_Cylinder)
    BusFault_Handler                         0x080005f9   Thumb Code     4  stm32f4xx_it.o(i.BusFault_Handler)
    CAN1_CMD_Control                         0x080005fd   Thumb Code    94  can_receive.o(i.CAN1_CMD_Control)
    CAN1_RX0_IRQHandler                      0x08000661   Thumb Code    38  can_receive.o(i.CAN1_RX0_IRQHandler)
    CAN1_mode_init                           0x08000691   Thumb Code   282  can.o(i.CAN1_mode_init)
    CAN2_RX1_IRQHandler                      0x080007b5   Thumb Code    38  can_receive.o(i.CAN2_RX1_IRQHandler)
    CAN2_mode_init                           0x080007e5   Thumb Code   282  can.o(i.CAN2_mode_init)
    CAN_ClearITPendingBit                    0x0800090d   Thumb Code   162  stm32f4xx_can.o(i.CAN_ClearITPendingBit)
    CAN_FilterInit                           0x080009b5   Thumb Code   258  stm32f4xx_can.o(i.CAN_FilterInit)
    CAN_GetITStatus                          0x08000abd   Thumb Code   284  stm32f4xx_can.o(i.CAN_GetITStatus)
    CAN_ITConfig                             0x08000bdd   Thumb Code    18  stm32f4xx_can.o(i.CAN_ITConfig)
    CAN_Init                                 0x08000bef   Thumb Code   276  stm32f4xx_can.o(i.CAN_Init)
    CAN_Receive                              0x08000d03   Thumb Code   240  stm32f4xx_can.o(i.CAN_Receive)
    CAN_Transmit                             0x08000df3   Thumb Code   294  stm32f4xx_can.o(i.CAN_Transmit)
    Clamp_Turn_To_Point                      0x080012d5   Thumb Code   148  motor_control_task.o(i.Clamp_Turn_To_Point)
    DMA_ClearFlag                            0x08001379   Thumb Code    38  stm32f4xx_dma.o(i.DMA_ClearFlag)
    DMA_Cmd                                  0x080013ad   Thumb Code    22  stm32f4xx_dma.o(i.DMA_Cmd)
    DMA_GetCurrDataCounter                   0x080013c3   Thumb Code     8  stm32f4xx_dma.o(i.DMA_GetCurrDataCounter)
    DMA_GetCurrentMemoryTarget               0x080013cb   Thumb Code    20  stm32f4xx_dma.o(i.DMA_GetCurrentMemoryTarget)
    DMA_SetCurrDataCounter                   0x080013df   Thumb Code     4  stm32f4xx_dma.o(i.DMA_SetCurrDataCounter)
    DebugMon_Handler                         0x080013e3   Thumb Code     2  stm32f4xx_it.o(i.DebugMon_Handler)
    DetectHook                               0x080013e5   Thumb Code   288  detect_task.o(i.DetectHook)
    Function_Control_Init                    0x080017e9   Thumb Code   108  function_task.o(i.Function_Control_Init)
    Function_Mode_Set                        0x0800186d   Thumb Code   996  function_task.o(i.Function_Mode_Set)
    Function_task                            0x08001c89   Thumb Code    42  function_task.o(i.Function_task)
    GPIO_Init                                0x08001cc1   Thumb Code   144  stm32f4xx_gpio.o(i.GPIO_Init)
    GPIO_PinAFConfig                         0x08001d51   Thumb Code    70  stm32f4xx_gpio.o(i.GPIO_PinAFConfig)
    GPIO_ReadInputDataBit                    0x08001d97   Thumb Code    18  stm32f4xx_gpio.o(i.GPIO_ReadInputDataBit)
    GPIO_ResetBits                           0x08001da9   Thumb Code     4  stm32f4xx_gpio.o(i.GPIO_ResetBits)
    GPIO_SetBits                             0x08001dad   Thumb Code     4  stm32f4xx_gpio.o(i.GPIO_SetBits)
    GPIO_ToggleBits                          0x08001db1   Thumb Code     8  stm32f4xx_gpio.o(i.GPIO_ToggleBits)
    Get_CRC16_Check_Sum_UI                   0x08001db9   Thumb Code    46  rm_cilent_ui.o(i.Get_CRC16_Check_Sum_UI)
    Get_CRC8_Check_Sum_UI                    0x08001ded   Thumb Code    30  rm_cilent_ui.o(i.Get_CRC8_Check_Sum_UI)
    Get_KEY_Data                             0x08001e11   Thumb Code    40  remotecontrol.o(i.Get_KEY_Data)
    Get_RC_Data                              0x08001e39   Thumb Code   114  remotecontrol.o(i.Get_RC_Data)
    HardFault_Handler                        0x08001eb1   Thumb Code     4  stm32f4xx_it.o(i.HardFault_Handler)
    Judge_DataVerify                         0x08001eb5   Thumb Code    32  usart6.o(i.Judge_DataVerify)
    Key1                                     0x08001ed5   Thumb Code    40  gpio.o(i.Key1)
    Key_Init                                 0x08001f01   Thumb Code    46  gpio.o(i.Key_Init)
    Laser_Init                               0x08001f35   Thumb Code    46  gpio.o(i.Laser_Init)
    Line_Draw                                0x08001f69   Thumb Code   148  rm_cilent_ui.o(i.Line_Draw)
    MemManage_Handler                        0x08001ffd   Thumb Code     4  stm32f4xx_it.o(i.MemManage_Handler)
    Mode_Change                              0x08002001   Thumb Code   248  motor_control_task.o(i.Mode_Change)
    Motor_Control                            0x08002105   Thumb Code    22  motor_control_task.o(i.Motor_Control)
    Motor_Init                               0x08002121   Thumb Code   202  motor_control_task.o(i.Motor_Init)
    NMI_Handler                              0x0800220d   Thumb Code     2  stm32f4xx_it.o(i.NMI_Handler)
    NVIC_Init                                0x08002211   Thumb Code   106  misc.o(i.NVIC_Init)
    NVIC_PriorityGroupConfig                 0x08002289   Thumb Code    10  misc.o(i.NVIC_PriorityGroupConfig)
    PID_Calc                                 0x080022c5   Thumb Code   492  pid.o(i.PID_Calc)
    PID_Init                                 0x080024b5   Thumb Code    92  pid.o(i.PID_Init)
    PID_OUTPUT                               0x08002515   Thumb Code   246  motor_control_task.o(i.PID_OUTPUT)
    RCC_AHB1PeriphClockCmd                   0x08002aa1   Thumb Code    26  stm32f4xx_rcc.o(i.RCC_AHB1PeriphClockCmd)
    RCC_APB1PeriphClockCmd                   0x08002ac1   Thumb Code    26  stm32f4xx_rcc.o(i.RCC_APB1PeriphClockCmd)
    RCC_APB1PeriphResetCmd                   0x08002ae1   Thumb Code    26  stm32f4xx_rcc.o(i.RCC_APB1PeriphResetCmd)
    RCC_APB2PeriphClockCmd                   0x08002b01   Thumb Code    26  stm32f4xx_rcc.o(i.RCC_APB2PeriphClockCmd)
    RCC_GetClocksFreq                        0x08002b21   Thumb Code   214  stm32f4xx_rcc.o(i.RCC_GetClocksFreq)
    Reomte_Mode_Set                          0x08002c71   Thumb Code    46  function_task.o(i.Reomte_Mode_Set)
    SysTick_CLKSourceConfig                  0x08002e71   Thumb Code    40  misc.o(i.SysTick_CLKSourceConfig)
    SysTick_Handler                          0x08002e99   Thumb Code    16  delay.o(i.SysTick_Handler)
    SystemInit                               0x08002ea9   Thumb Code    88  system_stm32f4xx.o(i.SystemInit)
    System_Init                              0x08002f11   Thumb Code    84  start_task.o(i.System_Init)
    TIM7_BAS_Init                            0x08002f65   Thumb Code    84  time7.o(i.TIM7_BAS_Init)
    TIM7_IRQHandler                          0x08002fbd   Thumb Code    34  time7.o(i.TIM7_IRQHandler)
    TIM_ClearITPendingBit                    0x08002fe9   Thumb Code     6  stm32f4xx_tim.o(i.TIM_ClearITPendingBit)
    TIM_Cmd                                  0x08002fef   Thumb Code    24  stm32f4xx_tim.o(i.TIM_Cmd)
    TIM_GetITStatus                          0x08003007   Thumb Code    34  stm32f4xx_tim.o(i.TIM_GetITStatus)
    TIM_ITConfig                             0x08003029   Thumb Code    18  stm32f4xx_tim.o(i.TIM_ITConfig)
    TIM_TimeBaseInit                         0x0800303d   Thumb Code   104  stm32f4xx_tim.o(i.TIM_TimeBaseInit)
    UI_ReFresh                               0x080030c1   Thumb Code   344  rm_cilent_ui.o(i.UI_ReFresh)
    UI_SendByte                              0x08003225   Thumb Code    28  rm_cilent_ui.o(i.UI_SendByte)
    USART2_IRQHandler                        0x08003245   Thumb Code   240  remotecontrol.o(i.USART2_IRQHandler)
    USART6_IRQHandler                        0x0800334d   Thumb Code   352  usart6.o(i.USART6_IRQHandler)
    USART6_Init                              0x080034bd   Thumb Code   216  usart6.o(i.USART6_Init)
    USART_ClearITPendingBit                  0x080035a5   Thumb Code    30  stm32f4xx_usart.o(i.USART_ClearITPendingBit)
    USART_Cmd                                0x080035c3   Thumb Code    24  stm32f4xx_usart.o(i.USART_Cmd)
    USART_GetFlagStatus                      0x080035db   Thumb Code    26  stm32f4xx_usart.o(i.USART_GetFlagStatus)
    USART_GetITStatus                        0x080035f5   Thumb Code    84  stm32f4xx_usart.o(i.USART_GetITStatus)
    USART_ITConfig                           0x08003649   Thumb Code    74  stm32f4xx_usart.o(i.USART_ITConfig)
    USART_Init                               0x08003695   Thumb Code   204  stm32f4xx_usart.o(i.USART_Init)
    USART_ReceiveData                        0x08003769   Thumb Code    10  stm32f4xx_usart.o(i.USART_ReceiveData)
    USART_SendData                           0x08003773   Thumb Code     8  stm32f4xx_usart.o(i.USART_SendData)
    Up_Down_To_Point                         0x0800377d   Thumb Code   218  motor_control_task.o(i.Up_Down_To_Point)
    UsageFault_Handler                       0x08003869   Thumb Code     4  stm32f4xx_it.o(i.UsageFault_Handler)
    __0printf$3                              0x0800386d   Thumb Code    22  printf3.o(i.__0printf$3)
    __1printf$3                              0x0800386d   Thumb Code     0  printf3.o(i.__0printf$3)
    __2printf                                0x0800386d   Thumb Code     0  printf3.o(i.__0printf$3)
    __hardfp_fabs                            0x0800388d   Thumb Code    20  fabs.o(i.__hardfp_fabs)
    __scatterload_copy                       0x080038a1   Thumb Code    14  handlers.o(i.__scatterload_copy)
    __scatterload_null                       0x080038af   Thumb Code     2  handlers.o(i.__scatterload_null)
    __scatterload_zeroinit                   0x080038b1   Thumb Code    14  handlers.o(i.__scatterload_zeroinit)
    delay_init                               0x08003a81   Thumb Code    58  delay.o(i.delay_init)
    delay_ms                                 0x08003ac5   Thumb Code   136  delay.o(i.delay_ms)
    determine_ID                             0x08003b51   Thumb Code    52  judgement_info.o(i.determine_ID)
    fputc                                    0x08003b91   Thumb Code    24  usart6.o(i.fputc)
    get_Clamp_Motor_Measure_Point            0x08003bad   Thumb Code     4  can_receive.o(i.get_Clamp_Motor_Measure_Point)
    get_Up_Motor_Measure_Point               0x08003bb5   Thumb Code    14  can_receive.o(i.get_Up_Motor_Measure_Point)
    get_crc16_check_sum                      0x08003bc9   Thumb Code    46  protocol.o(i.get_crc16_check_sum)
    get_crc8_check_sum                       0x08003bfd   Thumb Code    32  protocol.o(i.get_crc8_check_sum)
    get_remote_control_point                 0x08003c21   Thumb Code     4  remotecontrol.o(i.get_remote_control_point)
    is_red_or_blue                           0x08003c29   Thumb Code    24  judgement_info.o(i.is_red_or_blue)
    judgement_data_handler                   0x08003c49   Thumb Code   264  judgement_info.o(i.judgement_data_handler)
    main                                     0x08003d89   Thumb Code    18  main.o(i.main)
    pvPortMalloc                             0x080048bd   Thumb Code   262  heap_4.o(i.pvPortMalloc)
    pvTaskIncrementMutexHeldCount            0x08004a19   Thumb Code    26  tasks.o(i.pvTaskIncrementMutexHeldCount)
    pxPortInitialiseStack                    0x08004a39   Thumb Code    38  port.o(i.pxPortInitialiseStack)
    start_task                               0x08004a65   Thumb Code    38  start_task.o(i.start_task)
    start_task_Create                        0x08004a91   Thumb Code    28  start_task.o(i.start_task_Create)
    task_Mode_Change_Create                  0x08004ac1   Thumb Code    26  motor_control_task.o(i.task_Mode_Change_Create)
    task_Motor_Control_Create                0x08004af1   Thumb Code    26  motor_control_task.o(i.task_Motor_Control_Create)
    task_function_Create                     0x08004b25   Thumb Code    26  function_task.o(i.task_function_Create)
    task_user_UI_Create                      0x08004b59   Thumb Code    26  ui_task.o(i.task_user_UI_Create)
    user_UI_Task                             0x08004b8d   Thumb Code  1508  ui_task.o(i.user_UI_Task)
    uxListRemove                             0x080051c5   Thumb Code    40  list.o(i.uxListRemove)
    vListInitialise                          0x080051ed   Thumb Code    26  list.o(i.vListInitialise)
    vListInitialiseItem                      0x08005207   Thumb Code     6  list.o(i.vListInitialiseItem)
    vListInsert                              0x0800520d   Thumb Code    52  list.o(i.vListInsert)
    vListInsertEnd                           0x08005241   Thumb Code    24  list.o(i.vListInsertEnd)
    vPortEnterCritical                       0x08005259   Thumb Code    68  port.o(i.vPortEnterCritical)
    vPortExitCritical                        0x080052e9   Thumb Code    48  port.o(i.vPortExitCritical)
    vPortFree                                0x08005361   Thumb Code   120  heap_4.o(i.vPortFree)
    vPortSetupTimerInterrupt                 0x08005421   Thumb Code    26  port.o(i.vPortSetupTimerInterrupt)
    vPortValidateInterruptPriority           0x08005441   Thumb Code    86  port.o(i.vPortValidateInterruptPriority)
    vQueueAddToRegistry                      0x080054e9   Thumb Code    38  queue.o(i.vQueueAddToRegistry)
    vQueueWaitForMessageRestricted           0x08005515   Thumb Code    74  queue.o(i.vQueueWaitForMessageRestricted)
    vTaskDelay                               0x08005561   Thumb Code    72  tasks.o(i.vTaskDelay)
    vTaskDelete                              0x080055dd   Thumb Code   192  tasks.o(i.vTaskDelete)
    vTaskMissedYield                         0x080056f1   Thumb Code     8  tasks.o(i.vTaskMissedYield)
    vTaskPlaceOnEventList                    0x080056fd   Thumb Code    42  tasks.o(i.vTaskPlaceOnEventList)
    vTaskPlaceOnEventListRestricted          0x08005759   Thumb Code    50  tasks.o(i.vTaskPlaceOnEventListRestricted)
    vTaskPriorityInherit                     0x080057bd   Thumb Code   164  tasks.o(i.vTaskPriorityInherit)
    vTaskSetTimeOutState                     0x0800586d   Thumb Code    32  tasks.o(i.vTaskSetTimeOutState)
    vTaskStartScheduler                      0x080058c1   Thumb Code   108  tasks.o(i.vTaskStartScheduler)
    vTaskSuspendAll                          0x08005975   Thumb Code    12  tasks.o(i.vTaskSuspendAll)
    vTaskSwitchContext                       0x08005985   Thumb Code   110  tasks.o(i.vTaskSwitchContext)
    verify_crc16_check_sum                   0x08005a35   Thumb Code    60  protocol.o(i.verify_crc16_check_sum)
    verify_crc8_check_sum                    0x08005a75   Thumb Code    48  protocol.o(i.verify_crc8_check_sum)
    xPortStartScheduler                      0x08005aa5   Thumb Code   258  port.o(i.xPortStartScheduler)
    xPortSysTickHandler                      0x08005c09   Thumb Code    46  port.o(i.xPortSysTickHandler)
    xQueueGenericCreate                      0x08005c3d   Thumb Code    78  queue.o(i.xQueueGenericCreate)
    xQueueGenericReceive                     0x08005cb9   Thumb Code   416  queue.o(i.xQueueGenericReceive)
    xQueueGenericReset                       0x08005e89   Thumb Code   136  queue.o(i.xQueueGenericReset)
    xQueueGenericSend                        0x08005f41   Thumb Code   412  queue.o(i.xQueueGenericSend)
    xQueueGenericSendFromISR                 0x0800610d   Thumb Code   234  queue.o(i.xQueueGenericSendFromISR)
    xTaskCheckForTimeOut                     0x08006225   Thumb Code   116  tasks.o(i.xTaskCheckForTimeOut)
    xTaskCreate                              0x080062cd   Thumb Code    96  tasks.o(i.xTaskCreate)
    xTaskGetSchedulerState                   0x0800632d   Thumb Code    24  tasks.o(i.xTaskGetSchedulerState)
    xTaskGetTickCount                        0x0800634d   Thumb Code     6  tasks.o(i.xTaskGetTickCount)
    xTaskIncrementTick                       0x08006359   Thumb Code   272  tasks.o(i.xTaskIncrementTick)
    xTaskPriorityDisinherit                  0x080064c1   Thumb Code   168  tasks.o(i.xTaskPriorityDisinherit)
    xTaskRemoveFromEventList                 0x080065a1   Thumb Code   118  tasks.o(i.xTaskRemoveFromEventList)
    xTaskResumeAll                           0x0800665d   Thumb Code   214  tasks.o(i.xTaskResumeAll)
    xTimerCreateTimerTask                    0x08006785   Thumb Code    56  timers.o(i.xTimerCreateTimerTask)
    xTimerGenericCommand                     0x080067fd   Thumb Code   118  timers.o(i.xTimerGenericCommand)
    CRC8_INIT                                0x080068a4   Data           1  protocol.o(.constdata)
    CRC8_TAB                                 0x080068a5   Data         256  protocol.o(.constdata)
    wCRC_Table                               0x080069a6   Data         512  protocol.o(.constdata)
    CRC8_INIT_UI                             0x08006ba6   Data           1  rm_cilent_ui.o(.constdata)
    CRC8_TAB_UI                              0x08006ba7   Data         256  rm_cilent_ui.o(.constdata)
    wCRC_Table_UI                            0x08006ca8   Data         512  rm_cilent_ui.o(.constdata)
    Region$$Table$$Base                      0x08006ea8   Number         0  anon$$obj.o(Region$$Table)
    Region$$Table$$Limit                     0x08006ec8   Number         0  anon$$obj.o(Region$$Table)
    ChassisTask_Handler                      0x20000000   Data           4  function_task.o(.data)
    L_Motor_Longs                            0x20000008   Data          16  function_task.o(.data)
    R_Motor_Longs                            0x20000018   Data          16  function_task.o(.data)
    Turn_Longs                               0x20000028   Data          12  function_task.o(.data)
    ctr                                      0x20000034   Data           1  function_task.o(.data)
    mode_flag                                0x20000035   Data           1  function_task.o(.data)
    funtion_flag                             0x20000036   Data           1  function_task.o(.data)
    Start_Task_Handler                       0x20000048   Data           4  start_task.o(.data)
    Motor_Control_Task_Handler               0x2000004c   Data           4  motor_control_task.o(.data)
    Mode_Change_Task_Handler                 0x20000050   Data           4  motor_control_task.o(.data)
    up_age_pid                               0x20000054   Data          12  motor_control_task.o(.data)
    up_spd_pid                               0x20000060   Data          12  motor_control_task.o(.data)
    clamp_age_pid                            0x2000006c   Data          12  motor_control_task.o(.data)
    clamp_spd_pid                            0x20000078   Data          12  motor_control_task.o(.data)
    test_Flag                                0x20000084   Data           1  motor_control_task.o(.data)
    User_UI_Task_Handler                     0x20000088   Data           4  ui_task.o(.data)
    INPUTMOD                                 0x2000008c   Data           1  remotecontrol.o(.data)
    Q_Flag                                   0x2000008d   Data           1  remotecontrol.o(.data)
    E_Flag                                   0x2000008e   Data           1  remotecontrol.o(.data)
    F_Flag                                   0x2000008f   Data           1  remotecontrol.o(.data)
    G_Flag                                   0x20000090   Data           1  remotecontrol.o(.data)
    V_Flag                                   0x20000091   Data           1  remotecontrol.o(.data)
    R_Flag                                   0x20000092   Data           1  remotecontrol.o(.data)
    MOU_LEFT_F                               0x20000093   Data           1  remotecontrol.o(.data)
    MOU_RIGH_F                               0x20000094   Data           1  remotecontrol.o(.data)
    W_Flag                                   0x20000095   Data           1  remotecontrol.o(.data)
    A_Flag                                   0x20000096   Data           1  remotecontrol.o(.data)
    S_Flag                                   0x20000097   Data           1  remotecontrol.o(.data)
    D_Flag                                   0x20000098   Data           1  remotecontrol.o(.data)
    Shift_Flag                               0x20000099   Data           1  remotecontrol.o(.data)
    Ctrl_Flag                                0x2000009a   Data           1  remotecontrol.o(.data)
    KEY_CAN                                  0x2000009e   Data           1  can_receive.o(.data)
    time7_count                              0x200000a0   Data           4  time7.o(.data)
    Judge_Flag                               0x200000a4   Data           8  usart6.o(.data)
    TxCOM6                                   0x200000ac   Data           4  usart6.o(.data)
    RxCOM6                                   0x200000b0   Data           4  usart6.o(.data)
    __stdout                                 0x200000b4   Data           4  usart6.o(.data)
    RES                                      0x200000b8   Data           1  usart6.o(.data)
    SystemCoreClock                          0x200000c4   Data           4  system_stm32f4xx.o(.data)
    AHBPrescTable                            0x200000c8   Data          16  system_stm32f4xx.o(.data)
    pxCurrentTCB                             0x200000e8   Data           4  tasks.o(.data)
    GameResult                               0x2000015c   Data           1  judgement_info.o(.data)
    EventData                                0x2000015d   Data           4  judgement_info.o(.data)
    SupplyProjectileAction                   0x20000161   Data           4  judgement_info.o(.data)
    SupplyProjectileBooking                  0x20000165   Data           2  judgement_info.o(.data)
    BuffMusk                                 0x20000167   Data           1  judgement_info.o(.data)
    AerialRobotEnergy                        0x20000168   Data           1  judgement_info.o(.data)
    RobotHurt                                0x20000169   Data           1  judgement_info.o(.data)
    ShootData                                0x2000016a   Data           7  judgement_info.o(.data)
    Judge_Self_ID                            0x20000171   Data           1  judgement_info.o(.data)
    Judge_SelfClient_ID                      0x20000172   Data           2  judgement_info.o(.data)
    cmd_id                                   0x20000174   Data           2  judgement_info.o(.data)
    Color                                    0x20000176   Data           1  judgement_info.o(.data)
    Send_Color                               0x20000177   Data           1  judgement_info.o(.data)
    send_time                                0x20000178   Data           2  judgement_info.o(.data)
    CRC_INIT                                 0x2000017e   Data           2  protocol.o(.data)
    UI_Seq                                   0x20000180   Data           1  rm_cilent_ui.o(.data)
    Robot_ID                                 0x20000184   Data           4  rm_cilent_ui.o(.data)
    Cilent_ID                                0x20000188   Data           4  rm_cilent_ui.o(.data)
    UI_ID_Init                               0x2000018c   Data           4  rm_cilent_ui.o(.data)
    CRC_INIT_UI                              0x20000190   Data           2  rm_cilent_ui.o(.data)
    getrccclock                              0x20000194   Data          16  main.o(.bss)
    L_Up_Appoint                             0x20000378   Data          16  function_task.o(.bss)
    R_Up_Appoint                             0x20000388   Data          16  function_task.o(.bss)
    Turn_Appoint                             0x20000398   Data          12  function_task.o(.bss)
    motor_control                            0x200003a4   Data         484  motor_control_task.o(.bss)
    G1                                       0x20000588   Data          15  ui_task.o(.bss)
    G2                                       0x20000597   Data          15  ui_task.o(.bss)
    G3                                       0x200005a6   Data          15  ui_task.o(.bss)
    G4                                       0x200005b5   Data          15  ui_task.o(.bss)
    G5                                       0x200005c4   Data          15  ui_task.o(.bss)
    G6                                       0x200005d3   Data          15  ui_task.o(.bss)
    G7                                       0x200005e2   Data          15  ui_task.o(.bss)
    G8                                       0x200005f1   Data          15  ui_task.o(.bss)
    G9                                       0x20000600   Data          15  ui_task.o(.bss)
    G10                                      0x2000060f   Data          15  ui_task.o(.bss)
    G11                                      0x2000061e   Data          15  ui_task.o(.bss)
    G12                                      0x2000062d   Data          15  ui_task.o(.bss)
    G13                                      0x2000063c   Data          15  ui_task.o(.bss)
    G14                                      0x2000064b   Data          15  ui_task.o(.bss)
    G15                                      0x2000065a   Data          15  ui_task.o(.bss)
    G16                                      0x20000669   Data          15  ui_task.o(.bss)
    G17                                      0x20000678   Data          15  ui_task.o(.bss)
    G18                                      0x20000687   Data          15  ui_task.o(.bss)
    G19                                      0x20000696   Data          15  ui_task.o(.bss)
    G20                                      0x200006a5   Data          15  ui_task.o(.bss)
    G21                                      0x200006b4   Data          15  ui_task.o(.bss)
    G22                                      0x200006c3   Data          15  ui_task.o(.bss)
    G23                                      0x200006d2   Data          15  ui_task.o(.bss)
    G24                                      0x200006e1   Data          15  ui_task.o(.bss)
    G25                                      0x200006f0   Data          15  ui_task.o(.bss)
    G26                                      0x200006ff   Data          15  ui_task.o(.bss)
    G27                                      0x2000070e   Data          15  ui_task.o(.bss)
    G28                                      0x2000071d   Data          15  ui_task.o(.bss)
    rc_ctrl                                  0x20000774   Data          22  remotecontrol.o(.bss)
    Judge_Buffer                             0x20000824   Data         100  usart6.o(.bss)
    xQueueRegistry                           0x20000888   Data          64  queue.o(.bss)
    GameState                                0x2000abd4   Data          11  judgement_info.o(.bss)
    GameRobotSurvivors                       0x2000abdf   Data          32  judgement_info.o(.bss)
    GameRobotStat                            0x2000abff   Data          27  judgement_info.o(.bss)
    PowerHeatData                            0x2000ac1a   Data          16  judgement_info.o(.bss)
    GameRobotPos                             0x2000ac2a   Data          16  judgement_info.o(.bss)
    ShowData                                 0x2000ac3a   Data          28  judgement_info.o(.bss)
    CommuData                                0x2000ac56   Data          25  judgement_info.o(.bss)
    CliendTxBuffer                           0x2000ac6f   Data         200  judgement_info.o(.bss)
    TeammateTxBuffer                         0x2000ad37   Data         200  judgement_info.o(.bss)
    __initial_sp                             0x2000b600   Data           0  startup_stm32f40_41xxx.o(STACK)



==============================================================================

Memory Map of the image

  Image Entry point : 0x08000189

  Load Region LR_IROM1 (Base: 0x08000000, Size: 0x0000705c, Max: 0x00080000, ABSOLUTE, COMPRESSED[0x00006f20])

    Execution Region ER_IROM1 (Exec base: 0x08000000, Load base: 0x08000000, Size: 0x00006ec8, Max: 0x00080000, ABSOLUTE)

    Exec Addr    Load Addr    Size         Type   Attr      Idx    E Section Name        Object

    0x08000000   0x08000000   0x00000188   Data   RO         1802    RESET               startup_stm32f40_41xxx.o
    0x08000188   0x08000188   0x00000000   Code   RO         8592  * .ARM.Collect$$$$00000000  mc_w.l(entry.o)
    0x08000188   0x08000188   0x00000004   Code   RO         8933    .ARM.Collect$$$$00000001  mc_w.l(entry2.o)
    0x0800018c   0x0800018c   0x00000004   Code   RO         8936    .ARM.Collect$$$$00000004  mc_w.l(entry5.o)
    0x08000190   0x08000190   0x00000000   Code   RO         8938    .ARM.Collect$$$$00000008  mc_w.l(entry7b.o)
    0x08000190   0x08000190   0x00000000   Code   RO         8940    .ARM.Collect$$$$0000000A  mc_w.l(entry8b.o)
    0x08000190   0x08000190   0x00000008   Code   RO         8941    .ARM.Collect$$$$0000000B  mc_w.l(entry9a.o)
    0x08000198   0x08000198   0x00000004   Code   RO         8948    .ARM.Collect$$$$0000000E  mc_w.l(entry12b.o)
    0x0800019c   0x0800019c   0x00000000   Code   RO         8943    .ARM.Collect$$$$0000000F  mc_w.l(entry10a.o)
    0x0800019c   0x0800019c   0x00000000   Code   RO         8945    .ARM.Collect$$$$00000011  mc_w.l(entry11a.o)
    0x0800019c   0x0800019c   0x00000004   Code   RO         8934    .ARM.Collect$$$$00002712  mc_w.l(entry2.o)
    0x080001a0   0x080001a0   0x000000b6   Code   RO         7895    .emb_text           port.o
    0x08000256   0x08000256   0x00000002   PAD
    0x08000258   0x08000258   0x00000024   Code   RO         1803    .text               startup_stm32f40_41xxx.o
    0x0800027c   0x0800027c   0x00000024   Code   RO         8595    .text               mc_w.l(memcpya.o)
    0x080002a0   0x080002a0   0x00000024   Code   RO         8597    .text               mc_w.l(memseta.o)
    0x080002c4   0x080002c4   0x00000026   Code   RO         8878    .text               mf_w.l(f2d.o)
    0x080002ea   0x080002ea   0x00000002   PAD
    0x080002ec   0x080002ec   0x00000030   Code   RO         8880    .text               mf_w.l(cdcmple.o)
    0x0800031c   0x0800031c   0x0000002c   Code   RO         8949    .text               mc_w.l(uidiv.o)
    0x08000348   0x08000348   0x00000000   Code   RO         8964    .text               mc_w.l(iusefp.o)
    0x08000348   0x08000348   0x00000024   Code   RO         8973    .text               mc_w.l(init.o)
    0x0800036c   0x0800036c   0x00000056   Code   RO         8987    .text               mc_w.l(__dczerorl2.o)
    0x080003c2   0x080003c2   0x00000002   PAD
    0x080003c4   0x080003c4   0x0000006c   Code   RO          277    i.ALL_RESET         function_task.o
    0x08000430   0x08000430   0x00000044   Code   RO          870    i.Air_Cylinder      gpio.o
    0x08000474   0x08000474   0x00000184   Code   RO          278    i.Alley_Oop_ORE     function_task.o
    0x080005f8   0x080005f8   0x00000004   Code   RO         1809    i.BusFault_Handler  stm32f4xx_it.o
    0x080005fc   0x080005fc   0x00000064   Code   RO          687    i.CAN1_CMD_Control  can_receive.o
    0x08000660   0x08000660   0x00000030   Code   RO          688    i.CAN1_RX0_IRQHandler  can_receive.o
    0x08000690   0x08000690   0x00000124   Code   RO          792    i.CAN1_mode_init    can.o
    0x080007b4   0x080007b4   0x00000030   Code   RO          689    i.CAN2_RX1_IRQHandler  can_receive.o
    0x080007e4   0x080007e4   0x00000128   Code   RO          793    i.CAN2_mode_init    can.o
    0x0800090c   0x0800090c   0x000000a8   Code   RO         2187    i.CAN_ClearITPendingBit  stm32f4xx_can.o
    0x080009b4   0x080009b4   0x00000108   Code   RO         2191    i.CAN_FilterInit    stm32f4xx_can.o
    0x08000abc   0x08000abc   0x00000120   Code   RO         2193    i.CAN_GetITStatus   stm32f4xx_can.o
    0x08000bdc   0x08000bdc   0x00000012   Code   RO         2197    i.CAN_ITConfig      stm32f4xx_can.o
    0x08000bee   0x08000bee   0x00000114   Code   RO         2198    i.CAN_Init          stm32f4xx_can.o
    0x08000d02   0x08000d02   0x000000f0   Code   RO         2201    i.CAN_Receive       stm32f4xx_can.o
    0x08000df2   0x08000df2   0x00000126   Code   RO         2206    i.CAN_Transmit      stm32f4xx_can.o
    0x08000f18   0x08000f18   0x00000364   Code   RO          691    i.CAN_hook1         can_receive.o
    0x0800127c   0x0800127c   0x00000044   Code   RO          692    i.CAN_hook2         can_receive.o
    0x080012c0   0x080012c0   0x00000012   Code   RO         2209    i.CheckITStatus     stm32f4xx_can.o
    0x080012d2   0x080012d2   0x00000002   PAD
    0x080012d4   0x080012d4   0x000000a4   Code   RO          461    i.Clamp_Turn_To_Point  motor_control_task.o
    0x08001378   0x08001378   0x00000034   Code   RO         2920    i.DMA_ClearFlag     stm32f4xx_dma.o
    0x080013ac   0x080013ac   0x00000016   Code   RO         2922    i.DMA_Cmd           stm32f4xx_dma.o
    0x080013c2   0x080013c2   0x00000008   Code   RO         2928    i.DMA_GetCurrDataCounter  stm32f4xx_dma.o
    0x080013ca   0x080013ca   0x00000014   Code   RO         2929    i.DMA_GetCurrentMemoryTarget  stm32f4xx_dma.o
    0x080013de   0x080013de   0x00000004   Code   RO         2937    i.DMA_SetCurrDataCounter  stm32f4xx_dma.o
    0x080013e2   0x080013e2   0x00000002   Code   RO         1810    i.DebugMon_Handler  stm32f4xx_it.o
    0x080013e4   0x080013e4   0x00000124   Code   RO          223    i.DetectHook        detect_task.o
    0x08001508   0x08001508   0x00000178   Code   RO          279    i.Exchang_Low_ORE   function_task.o
    0x08001680   0x08001680   0x00000168   Code   RO          280    i.Exchang_Upp_ORE   function_task.o
    0x080017e8   0x080017e8   0x00000084   Code   RO          281    i.Function_Control_Init  function_task.o
    0x0800186c   0x0800186c   0x0000041c   Code   RO          282    i.Function_Mode_Set  function_task.o
    0x08001c88   0x08001c88   0x00000038   Code   RO          283    i.Function_task     function_task.o
    0x08001cc0   0x08001cc0   0x00000090   Code   RO         3559    i.GPIO_Init         stm32f4xx_gpio.o
    0x08001d50   0x08001d50   0x00000046   Code   RO         3560    i.GPIO_PinAFConfig  stm32f4xx_gpio.o
    0x08001d96   0x08001d96   0x00000012   Code   RO         3563    i.GPIO_ReadInputDataBit  stm32f4xx_gpio.o
    0x08001da8   0x08001da8   0x00000004   Code   RO         3566    i.GPIO_ResetBits    stm32f4xx_gpio.o
    0x08001dac   0x08001dac   0x00000004   Code   RO         3567    i.GPIO_SetBits      stm32f4xx_gpio.o
    0x08001db0   0x08001db0   0x00000008   Code   RO         3569    i.GPIO_ToggleBits   stm32f4xx_gpio.o
    0x08001db8   0x08001db8   0x00000034   Code   RO         8240    i.Get_CRC16_Check_Sum_UI  rm_cilent_ui.o
    0x08001dec   0x08001dec   0x00000024   Code   RO         8241    i.Get_CRC8_Check_Sum_UI  rm_cilent_ui.o
    0x08001e10   0x08001e10   0x00000028   Code   RO          571    i.Get_KEY_Data      remotecontrol.o
    0x08001e38   0x08001e38   0x00000078   Code   RO          572    i.Get_RC_Data       remotecontrol.o
    0x08001eb0   0x08001eb0   0x00000004   Code   RO         1811    i.HardFault_Handler  stm32f4xx_it.o
    0x08001eb4   0x08001eb4   0x00000020   Code   RO          937    i.Judge_DataVerify  usart6.o
    0x08001ed4   0x08001ed4   0x0000002c   Code   RO          871    i.Key1              gpio.o
    0x08001f00   0x08001f00   0x00000034   Code   RO          872    i.Key_Init          gpio.o
    0x08001f34   0x08001f34   0x00000034   Code   RO          873    i.Laser_Init        gpio.o
    0x08001f68   0x08001f68   0x00000094   Code   RO         8243    i.Line_Draw         rm_cilent_ui.o
    0x08001ffc   0x08001ffc   0x00000004   Code   RO         1812    i.MemManage_Handler  stm32f4xx_it.o
    0x08002000   0x08002000   0x00000104   Code   RO          462    i.Mode_Change       motor_control_task.o
    0x08002104   0x08002104   0x0000001c   Code   RO          463    i.Motor_Control     motor_control_task.o
    0x08002120   0x08002120   0x000000ec   Code   RO          464    i.Motor_Init        motor_control_task.o
    0x0800220c   0x0800220c   0x00000002   Code   RO         1813    i.NMI_Handler       stm32f4xx_it.o
    0x0800220e   0x0800220e   0x00000002   PAD
    0x08002210   0x08002210   0x00000078   Code   RO         1899    i.NVIC_Init         misc.o
    0x08002288   0x08002288   0x00000014   Code   RO         1900    i.NVIC_PriorityGroupConfig  misc.o
    0x0800229c   0x0800229c   0x00000028   Code   RO          573    i.NVIC_SystemReset  remotecontrol.o
    0x080022c4   0x080022c4   0x000001f0   Code   RO          998    i.PID_Calc          pid.o
    0x080024b4   0x080024b4   0x00000060   Code   RO          999    i.PID_Init          pid.o
    0x08002514   0x08002514   0x000000f6   Code   RO          465    i.PID_OUTPUT        motor_control_task.o
    0x0800260a   0x0800260a   0x00000002   PAD
    0x0800260c   0x0800260c   0x0000013c   Code   RO          284    i.Pickup_Floor_ORE  function_task.o
    0x08002748   0x08002748   0x000001a0   Code   RO          285    i.Pickup_GOLD_ORE   function_task.o
    0x080028e8   0x080028e8   0x000001b8   Code   RO          286    i.Pickup_Silver_ORE  function_task.o
    0x08002aa0   0x08002aa0   0x00000020   Code   RO         4445    i.RCC_AHB1PeriphClockCmd  stm32f4xx_rcc.o
    0x08002ac0   0x08002ac0   0x00000020   Code   RO         4454    i.RCC_APB1PeriphClockCmd  stm32f4xx_rcc.o
    0x08002ae0   0x08002ae0   0x00000020   Code   RO         4456    i.RCC_APB1PeriphResetCmd  stm32f4xx_rcc.o
    0x08002b00   0x08002b00   0x00000020   Code   RO         4457    i.RCC_APB2PeriphClockCmd  stm32f4xx_rcc.o
    0x08002b20   0x08002b20   0x000000e8   Code   RO         4466    i.RCC_GetClocksFreq  stm32f4xx_rcc.o
    0x08002c08   0x08002c08   0x00000068   Code   RO          574    i.RC_MODE_CONTROL   remotecontrol.o
    0x08002c70   0x08002c70   0x00000038   Code   RO          287    i.Reomte_Mode_Set   function_task.o
    0x08002ca8   0x08002ca8   0x000000da   Code   RO          578    i.SBUS_TO_RC        remotecontrol.o
    0x08002d82   0x08002d82   0x00000002   PAD
    0x08002d84   0x08002d84   0x000000ec   Code   RO         1862    i.SetSysClock       system_stm32f4xx.o
    0x08002e70   0x08002e70   0x00000028   Code   RO         1903    i.SysTick_CLKSourceConfig  misc.o
    0x08002e98   0x08002e98   0x00000010   Code   RO         1762    i.SysTick_Handler   delay.o
    0x08002ea8   0x08002ea8   0x00000068   Code   RO         1864    i.SystemInit        system_stm32f4xx.o
    0x08002f10   0x08002f10   0x00000054   Code   RO          380    i.System_Init       start_task.o
    0x08002f64   0x08002f64   0x00000058   Code   RO          908    i.TIM7_BAS_Init     time7.o
    0x08002fbc   0x08002fbc   0x0000002c   Code   RO          909    i.TIM7_IRQHandler   time7.o
    0x08002fe8   0x08002fe8   0x00000006   Code   RO         5804    i.TIM_ClearITPendingBit  stm32f4xx_tim.o
    0x08002fee   0x08002fee   0x00000018   Code   RO         5809    i.TIM_Cmd           stm32f4xx_tim.o
    0x08003006   0x08003006   0x00000022   Code   RO         5830    i.TIM_GetITStatus   stm32f4xx_tim.o
    0x08003028   0x08003028   0x00000012   Code   RO         5834    i.TIM_ITConfig      stm32f4xx_tim.o
    0x0800303a   0x0800303a   0x00000002   PAD
    0x0800303c   0x0800303c   0x00000084   Code   RO         5881    i.TIM_TimeBaseInit  stm32f4xx_tim.o
    0x080030c0   0x080030c0   0x00000164   Code   RO         8246    i.UI_ReFresh        rm_cilent_ui.o
    0x08003224   0x08003224   0x00000020   Code   RO         8247    i.UI_SendByte       rm_cilent_ui.o
    0x08003244   0x08003244   0x00000108   Code   RO          579    i.USART2_IRQHandler  remotecontrol.o
    0x0800334c   0x0800334c   0x00000170   Code   RO          938    i.USART6_IRQHandler  usart6.o
    0x080034bc   0x080034bc   0x000000e8   Code   RO          939    i.USART6_Init       usart6.o
    0x080035a4   0x080035a4   0x0000001e   Code   RO         6356    i.USART_ClearITPendingBit  stm32f4xx_usart.o
    0x080035c2   0x080035c2   0x00000018   Code   RO         6359    i.USART_Cmd         stm32f4xx_usart.o
    0x080035da   0x080035da   0x0000001a   Code   RO         6362    i.USART_GetFlagStatus  stm32f4xx_usart.o
    0x080035f4   0x080035f4   0x00000054   Code   RO         6363    i.USART_GetITStatus  stm32f4xx_usart.o
    0x08003648   0x08003648   0x0000004a   Code   RO         6365    i.USART_ITConfig    stm32f4xx_usart.o
    0x08003692   0x08003692   0x00000002   PAD
    0x08003694   0x08003694   0x000000d4   Code   RO         6366    i.USART_Init        stm32f4xx_usart.o
    0x08003768   0x08003768   0x0000000a   Code   RO         6373    i.USART_ReceiveData  stm32f4xx_usart.o
    0x08003772   0x08003772   0x00000008   Code   RO         6376    i.USART_SendData    stm32f4xx_usart.o
    0x0800377a   0x0800377a   0x00000002   PAD
    0x0800377c   0x0800377c   0x000000ec   Code   RO          466    i.Up_Down_To_Point  motor_control_task.o
    0x08003868   0x08003868   0x00000004   Code   RO         1814    i.UsageFault_Handler  stm32f4xx_it.o
    0x0800386c   0x0800386c   0x00000020   Code   RO         8694    i.__0printf$3       mc_w.l(printf3.o)
    0x0800388c   0x0800388c   0x00000014   Code   RO         8562    i.__hardfp_fabs     m_wm.l(fabs.o)
    0x080038a0   0x080038a0   0x0000000e   Code   RO         8981    i.__scatterload_copy  mc_w.l(handlers.o)
    0x080038ae   0x080038ae   0x00000002   Code   RO         8982    i.__scatterload_null  mc_w.l(handlers.o)
    0x080038b0   0x080038b0   0x0000000e   Code   RO         8983    i.__scatterload_zeroinit  mc_w.l(handlers.o)
    0x080038be   0x080038be   0x0000000a   Code   RO          580    i.__set_FAULTMASK   remotecontrol.o
    0x080038c8   0x080038c8   0x000001b8   Code   RO         8701    i._printf_core      mc_w.l(printf3.o)
    0x08003a80   0x08003a80   0x00000044   Code   RO         1763    i.delay_init        delay.o
    0x08003ac4   0x08003ac4   0x0000008c   Code   RO         1764    i.delay_ms          delay.o
    0x08003b50   0x08003b50   0x00000040   Code   RO         8135    i.determine_ID      judgement_info.o
    0x08003b90   0x08003b90   0x0000001c   Code   RO          941    i.fputc             usart6.o
    0x08003bac   0x08003bac   0x00000008   Code   RO          693    i.get_Clamp_Motor_Measure_Point  can_receive.o
    0x08003bb4   0x08003bb4   0x00000014   Code   RO          695    i.get_Up_Motor_Measure_Point  can_receive.o
    0x08003bc8   0x08003bc8   0x00000034   Code   RO         8183    i.get_crc16_check_sum  protocol.o
    0x08003bfc   0x08003bfc   0x00000024   Code   RO         8184    i.get_crc8_check_sum  protocol.o
    0x08003c20   0x08003c20   0x00000008   Code   RO          581    i.get_remote_control_point  remotecontrol.o
    0x08003c28   0x08003c28   0x00000020   Code   RO         8136    i.is_red_or_blue    judgement_info.o
    0x08003c48   0x08003c48   0x00000140   Code   RO         8137    i.judgement_data_handler  judgement_info.o
    0x08003d88   0x08003d88   0x00000018   Code   RO            3    i.main              main.o
    0x08003da0   0x08003da0   0x00000098   Code   RO         7024    i.prvAddCurrentTaskToDelayedList  tasks.o
    0x08003e38   0x08003e38   0x000000b8   Code   RO         7025    i.prvAddNewTaskToReadyList  tasks.o
    0x08003ef0   0x08003ef0   0x00000064   Code   RO         7392    i.prvCheckForValidListAndQueue  timers.o
    0x08003f54   0x08003f54   0x00000064   Code   RO         7026    i.prvCheckTasksWaitingTermination  tasks.o
    0x08003fb8   0x08003fb8   0x0000002a   Code   RO         6783    i.prvCopyDataFromQueue  queue.o
    0x08003fe2   0x08003fe2   0x0000007c   Code   RO         6784    i.prvCopyDataToQueue  queue.o
    0x0800405e   0x0800405e   0x00000012   Code   RO         7027    i.prvDeleteTCB      tasks.o
    0x08004070   0x08004070   0x00000028   Code   RO         7393    i.prvGetNextExpireTime  timers.o
    0x08004098   0x08004098   0x0000007c   Code   RO         7980    i.prvHeapInit       heap_4.o
    0x08004114   0x08004114   0x00000028   Code   RO         7028    i.prvIdleTask       tasks.o
    0x0800413c   0x0800413c   0x0000002e   Code   RO         6786    i.prvInitialiseNewQueue  queue.o
    0x0800416a   0x0800416a   0x00000002   PAD
    0x0800416c   0x0800416c   0x000000d8   Code   RO         7029    i.prvInitialiseNewTask  tasks.o
    0x08004244   0x08004244   0x00000068   Code   RO         7030    i.prvInitialiseTaskLists  tasks.o
    0x080042ac   0x080042ac   0x00000068   Code   RO         7981    i.prvInsertBlockIntoFreeList  heap_4.o
    0x08004314   0x08004314   0x00000058   Code   RO         7395    i.prvInsertTimerInActiveList  timers.o
    0x0800436c   0x0800436c   0x0000001a   Code   RO         6787    i.prvIsQueueEmpty   queue.o
    0x08004386   0x08004386   0x0000001e   Code   RO         6788    i.prvIsQueueFull    queue.o
    0x080043a4   0x080043a4   0x000000a8   Code   RO         6789    i.prvNotifyQueueSetContainer  queue.o
    0x0800444c   0x0800444c   0x00000084   Code   RO         7396    i.prvProcessExpiredTimer  timers.o
    0x080044d0   0x080044d0   0x00000130   Code   RO         7397    i.prvProcessReceivedCommands  timers.o
    0x08004600   0x08004600   0x00000074   Code   RO         7398    i.prvProcessTimerOrBlockTask  timers.o
    0x08004674   0x08004674   0x00000034   Code   RO         7032    i.prvResetNextTaskUnblockTime  tasks.o
    0x080046a8   0x080046a8   0x0000002c   Code   RO         7399    i.prvSampleTimeNow  timers.o
    0x080046d4   0x080046d4   0x000000c0   Code   RO         7400    i.prvSwitchTimerLists  timers.o
    0x08004794   0x08004794   0x0000007c   Code   RO         7896    i.prvTaskExitError  port.o
    0x08004810   0x08004810   0x0000001a   Code   RO         7401    i.prvTimerTask      timers.o
    0x0800482a   0x0800482a   0x00000092   Code   RO         6790    i.prvUnlockQueue    queue.o
    0x080048bc   0x080048bc   0x0000015c   Code   RO         7982    i.pvPortMalloc      heap_4.o
    0x08004a18   0x08004a18   0x00000020   Code   RO         7036    i.pvTaskIncrementMutexHeldCount  tasks.o
    0x08004a38   0x08004a38   0x0000002c   Code   RO         7897    i.pxPortInitialiseStack  port.o
    0x08004a64   0x08004a64   0x0000002c   Code   RO          381    i.start_task        start_task.o
    0x08004a90   0x08004a90   0x00000030   Code   RO          382    i.start_task_Create  start_task.o
    0x08004ac0   0x08004ac0   0x00000030   Code   RO          467    i.task_Mode_Change_Create  motor_control_task.o
    0x08004af0   0x08004af0   0x00000034   Code   RO          468    i.task_Motor_Control_Create  motor_control_task.o
    0x08004b24   0x08004b24   0x00000034   Code   RO          288    i.task_function_Create  function_task.o
    0x08004b58   0x08004b58   0x00000034   Code   RO          528    i.task_user_UI_Create  ui_task.o
    0x08004b8c   0x08004b8c   0x00000638   Code   RO          529    i.user_UI_Task      ui_task.o
    0x080051c4   0x080051c4   0x00000028   Code   RO         6738    i.uxListRemove      list.o
    0x080051ec   0x080051ec   0x0000001a   Code   RO         6739    i.vListInitialise   list.o
    0x08005206   0x08005206   0x00000006   Code   RO         6740    i.vListInitialiseItem  list.o
    0x0800520c   0x0800520c   0x00000034   Code   RO         6741    i.vListInsert       list.o
    0x08005240   0x08005240   0x00000018   Code   RO         6742    i.vListInsertEnd    list.o
    0x08005258   0x08005258   0x00000090   Code   RO         7899    i.vPortEnterCritical  port.o
    0x080052e8   0x080052e8   0x00000078   Code   RO         7900    i.vPortExitCritical  port.o
    0x08005360   0x08005360   0x000000c0   Code   RO         7983    i.vPortFree         heap_4.o
    0x08005420   0x08005420   0x00000020   Code   RO         7901    i.vPortSetupTimerInterrupt  port.o
    0x08005440   0x08005440   0x000000a8   Code   RO         7902    i.vPortValidateInterruptPriority  port.o
    0x080054e8   0x080054e8   0x0000002c   Code   RO         6796    i.vQueueAddToRegistry  queue.o
    0x08005514   0x08005514   0x0000004a   Code   RO         6800    i.vQueueWaitForMessageRestricted  queue.o
    0x0800555e   0x0800555e   0x00000002   PAD
    0x08005560   0x08005560   0x0000007c   Code   RO         7044    i.vTaskDelay        tasks.o
    0x080055dc   0x080055dc   0x00000114   Code   RO         7046    i.vTaskDelete       tasks.o
    0x080056f0   0x080056f0   0x0000000c   Code   RO         7050    i.vTaskMissedYield  tasks.o
    0x080056fc   0x080056fc   0x0000005c   Code   RO         7052    i.vTaskPlaceOnEventList  tasks.o
    0x08005758   0x08005758   0x00000064   Code   RO         7053    i.vTaskPlaceOnEventListRestricted  tasks.o
    0x080057bc   0x080057bc   0x000000b0   Code   RO         7055    i.vTaskPriorityInherit  tasks.o
    0x0800586c   0x0800586c   0x00000054   Code   RO         7059    i.vTaskSetTimeOutState  tasks.o
    0x080058c0   0x080058c0   0x000000b4   Code   RO         7060    i.vTaskStartScheduler  tasks.o
    0x08005974   0x08005974   0x00000010   Code   RO         7062    i.vTaskSuspendAll   tasks.o
    0x08005984   0x08005984   0x000000b0   Code   RO         7063    i.vTaskSwitchContext  tasks.o
    0x08005a34   0x08005a34   0x00000040   Code   RO         8185    i.verify_crc16_check_sum  protocol.o
    0x08005a74   0x08005a74   0x00000030   Code   RO         8186    i.verify_crc8_check_sum  protocol.o
    0x08005aa4   0x08005aa4   0x00000164   Code   RO         7903    i.xPortStartScheduler  port.o
    0x08005c08   0x08005c08   0x00000034   Code   RO         7904    i.xPortSysTickHandler  port.o
    0x08005c3c   0x08005c3c   0x0000007c   Code   RO         6805    i.xQueueGenericCreate  queue.o
    0x08005cb8   0x08005cb8   0x000001d0   Code   RO         6806    i.xQueueGenericReceive  queue.o
    0x08005e88   0x08005e88   0x000000b8   Code   RO         6807    i.xQueueGenericReset  queue.o
    0x08005f40   0x08005f40   0x000001cc   Code   RO         6808    i.xQueueGenericSend  queue.o
    0x0800610c   0x0800610c   0x00000118   Code   RO         6809    i.xQueueGenericSendFromISR  queue.o
    0x08006224   0x08006224   0x000000a8   Code   RO         7064    i.xTaskCheckForTimeOut  tasks.o
    0x080062cc   0x080062cc   0x00000060   Code   RO         7065    i.xTaskCreate       tasks.o
    0x0800632c   0x0800632c   0x00000020   Code   RO         7069    i.xTaskGetSchedulerState  tasks.o
    0x0800634c   0x0800634c   0x0000000c   Code   RO         7070    i.xTaskGetTickCount  tasks.o
    0x08006358   0x08006358   0x00000168   Code   RO         7072    i.xTaskIncrementTick  tasks.o
    0x080064c0   0x080064c0   0x000000e0   Code   RO         7075    i.xTaskPriorityDisinherit  tasks.o
    0x080065a0   0x080065a0   0x000000bc   Code   RO         7076    i.xTaskRemoveFromEventList  tasks.o
    0x0800665c   0x0800665c   0x00000128   Code   RO         7078    i.xTaskResumeAll    tasks.o
    0x08006784   0x08006784   0x00000078   Code   RO         7405    i.xTimerCreateTimerTask  timers.o
    0x080067fc   0x080067fc   0x000000a8   Code   RO         7406    i.xTimerGenericCommand  timers.o
    0x080068a4   0x080068a4   0x00000302   Data   RO         8187    .constdata          protocol.o
    0x08006ba6   0x08006ba6   0x00000302   Data   RO         8248    .constdata          rm_cilent_ui.o
    0x08006ea8   0x08006ea8   0x00000020   Data   RO         8979    Region$$Table       anon$$obj.o


    Execution Region RW_IRAM1 (Exec base: 0x20000000, Load base: 0x08006ec8, Size: 0x0000b600, Max: 0x00020000, ABSOLUTE, COMPRESSED[0x00000058])

    Exec Addr    Load Addr    Size         Type   Attr      Idx    E Section Name        Object

    0x20000000   COMPRESSED   0x00000045   Data   RW          290    .data               function_task.o
    0x20000045   COMPRESSED   0x00000003   PAD
    0x20000048   COMPRESSED   0x00000004   Data   RW          383    .data               start_task.o
    0x2000004c   COMPRESSED   0x00000039   Data   RW          470    .data               motor_control_task.o
    0x20000085   COMPRESSED   0x00000003   PAD
    0x20000088   COMPRESSED   0x00000004   Data   RW          531    .data               ui_task.o
    0x2000008c   COMPRESSED   0x00000012   Data   RW          587    .data               remotecontrol.o
    0x2000009e   COMPRESSED   0x00000002   Data   RW          697    .data               can_receive.o
    0x200000a0   COMPRESSED   0x00000004   Data   RW          910    .data               time7.o
    0x200000a4   COMPRESSED   0x00000015   Data   RW          943    .data               usart6.o
    0x200000b9   COMPRESSED   0x00000003   PAD
    0x200000bc   COMPRESSED   0x00000008   Data   RW         1766    .data               delay.o
    0x200000c4   COMPRESSED   0x00000014   Data   RW         1865    .data               system_stm32f4xx.o
    0x200000d8   COMPRESSED   0x00000010   Data   RW         4498    .data               stm32f4xx_rcc.o
    0x200000e8   COMPRESSED   0x0000003c   Data   RW         7081    .data               tasks.o
    0x20000124   COMPRESSED   0x00000014   Data   RW         7414    .data               timers.o
    0x20000138   COMPRESSED   0x0000000c   Data   RW         7905    .data               port.o
    0x20000144   COMPRESSED   0x00000018   Data   RW         7988    .data               heap_4.o
    0x2000015c   COMPRESSED   0x00000022   Data   RW         8139    .data               judgement_info.o
    0x2000017e   COMPRESSED   0x00000002   Data   RW         8188    .data               protocol.o
    0x20000180   COMPRESSED   0x00000012   Data   RW         8249    .data               rm_cilent_ui.o
    0x20000192   COMPRESSED   0x00000002   PAD
    0x20000194        -       0x00000010   Zero   RW            4    .bss                main.o
    0x200001a4        -       0x000001d4   Zero   RW          228    .bss                detect_task.o
    0x20000378        -       0x0000002c   Zero   RW          289    .bss                function_task.o
    0x200003a4        -       0x000001e4   Zero   RW          469    .bss                motor_control_task.o
    0x20000588        -       0x000001a4   Zero   RW          530    .bss                ui_task.o
    0x2000072c        -       0x0000005e   Zero   RW          586    .bss                remotecontrol.o
    0x2000078a   COMPRESSED   0x00000002   PAD
    0x2000078c        -       0x00000098   Zero   RW          696    .bss                can_receive.o
    0x20000824        -       0x00000064   Zero   RW          942    .bss                usart6.o
    0x20000888        -       0x00000040   Zero   RW         6820    .bss                queue.o
    0x200008c8        -       0x000002e4   Zero   RW         7080    .bss                tasks.o
    0x20000bac        -       0x00000028   Zero   RW         7413    .bss                timers.o
    0x20000bd4        -       0x0000a000   Zero   RW         7987    .bss                heap_4.o
    0x2000abd4        -       0x0000022b   Zero   RW         8138    .bss                judgement_info.o
    0x2000adff   COMPRESSED   0x00000001   PAD
    0x2000ae00        -       0x00000800   Zero   RW         1800    STACK               startup_stm32f40_41xxx.o


==============================================================================

Image component sizes


      Code (inc. data)   RO Data    RW Data    ZI Data      Debug   Object Name

       588         24          0          0          0       2202   can.o
      1160         74          0          2        152       6122   can_receive.o
       224         14          0          8          0       2342   delay.o
       292          4          0          0        468       2493   detect_task.o
         0          0          0          0          0       9576   event_groups.o
      3752        316          0         69         44      16133   function_task.o
       216         26          0          0          0       2366   gpio.o
       768        192          0         24      40960       4387   heap_4.o
       416         84          0         34        555       5004   judgement_info.o
       148          0          0          0          0       3634   list.o
        24          6          0          0         16     327692   main.o
       180         24          0          0          0       2341   misc.o
      1270        134          0         57        484       7602   motor_control_task.o
       592          8          0          0          0       2022   pid.o
      1222        436          0         12          0      11673   port.o
       200         14        770          2          0       3921   protocol.o
      2212        286          0          0         64      14469   queue.o
       804         48          0         18         94      37952   remotecontrol.o
       624         28        770         18          0      15362   rm_cilent_ui.o
       176         26          0          4          0       9988   start_task.o
        36          8        392          0       2048        888   startup_stm32f40_41xxx.o
      1566         16          0          0          0       7018   stm32f4xx_can.o
       106         14          0          0          0       4525   stm32f4xx_dma.o
       248          0          0          0          0       4549   stm32f4xx_gpio.o
        20          0          0          0          0       3225   stm32f4xx_it.o
       360         42          0         16          0       5696   stm32f4xx_rcc.o
       214         28          0          0          0       4070   stm32f4xx_tim.o
       468          8          0          0          0       6731   stm32f4xx_usart.o
       340         32          0         20          0       2089   system_stm32f4xx.o
      3510        982          0         60        740      31647   tasks.o
       132         14          0          4          0       1576   time7.o
      1330        332          0         20         40       9703   timers.o
      1644        292          0          4        420       5287   ui_task.o
       660         36          0         21        100       4917   usart6.o

    ----------------------------------------------------------------------
     25522       3548       1964        404      46188     579202   Object Totals
         0          0         32          0          0          0   (incl. Generated)
        20          0          0         11          3          0   (incl. Padding)

    ----------------------------------------------------------------------

      Code (inc. data)   RO Data    RW Data    ZI Data      Debug   Library Member Name

        20          0          0          0          0        124   fabs.o
        86          0          0          0          0          0   __dczerorl2.o
         0          0          0          0          0          0   entry.o
         0          0          0          0          0          0   entry10a.o
         0          0          0          0          0          0   entry11a.o
         4          0          0          0          0          0   entry12b.o
         8          4          0          0          0          0   entry2.o
         4          0          0          0          0          0   entry5.o
         0          0          0          0          0          0   entry7b.o
         0          0          0          0          0          0   entry8b.o
         8          4          0          0          0          0   entry9a.o
        30          0          0          0          0          0   handlers.o
        36          8          0          0          0         68   init.o
         0          0          0          0          0          0   iusefp.o
        36          0          0          0          0         68   memcpya.o
        36          0          0          0          0        108   memseta.o
       472         14          0          0          0        184   printf3.o
        44          0          0          0          0         80   uidiv.o
        48          0          0          0          0         68   cdcmple.o
        38          0          0          0          0         68   f2d.o

    ----------------------------------------------------------------------
       874         30          0          0          0        768   Library Totals
         4          0          0          0          0          0   (incl. Padding)

    ----------------------------------------------------------------------

      Code (inc. data)   RO Data    RW Data    ZI Data      Debug   Library Name

        20          0          0          0          0        124   m_wm.l
       764         30          0          0          0        508   mc_w.l
        86          0          0          0          0        136   mf_w.l

    ----------------------------------------------------------------------
       874         30          0          0          0        768   Library Totals

    ----------------------------------------------------------------------

==============================================================================


      Code (inc. data)   RO Data    RW Data    ZI Data      Debug   

     26396       3578       1964        404      46188     561946   Grand Totals
     26396       3578       1964         88      46188     561946   ELF Image Totals (compressed)
     26396       3578       1964         88          0          0   ROM Totals

==============================================================================

    Total RO  Size (Code + RO Data)                28360 (  27.70kB)
    Total RW  Size (RW Data + ZI Data)             46592 (  45.50kB)
    Total ROM Size (Code + RO Data + RW Data)      28448 (  27.78kB)

==============================================================================

