<html>
<body>
<pre>
<h1>礦ision Build Log</h1>
<h2>Tool Versions:</h2>
IDE-Version: μVision V5.33.0.0
Copyright (C) 2020 ARM Ltd and ARM Germany GmbH. All rights reserved.
License Information: Char Aznable, gjuj, LIC=EXJT4-FR73M-012P1-CH42M-J0CQ5-CWNTH
 
Tool Versions:
Toolchain:       MDK-ARM Plus  Version: 5.33.0.0
Toolchain Path:  D:\MDK5\Install\ARM\ARMCC\Bin
C Compiler:      Armcc.exe V5.06 update 7 (build 960)
Assembler:       Armasm.exe V5.06 update 7 (build 960)
Linker/Locator:  ArmLink.exe V5.06 update 7 (build 960)
Library Manager: ArmAr.exe V5.06 update 7 (build 960)
Hex Converter:   FromElf.exe V5.06 update 7 (build 960)
CPU DLL:         SARMCM3.DLL V5.33.0.0
Dialog DLL:      DCM.DLL V1.17.3.0
Target DLL:      UL2CM3.DLL V1.163.9.0
Dialog DLL:      TCM.DLL V1.48.0.0
 
<h2>Project:</h2>
D:\MDK5\My Object___STM32\F4xx\舵轮工程\电控\副板\副板_Ver.6.24.05稳定空接实现\Program\User\Template.uvprojx
Project File Date:  03/01/2023

<h2>Output:</h2>
*** Using Compiler 'V5.06 update 7 (build 960)', folder: 'D:\MDK5\Install\ARM\ARMCC\Bin'
Rebuild target 'Template'
compiling RemoteControl.c...
compiling detect_task.c...
compiling UI_task.c...
compiling main.c...
compiling motor_control_task.c...
compiling start_task.c...
compiling function_task.c...
compiling rc.c...
compiling CAN_receive.c...
compiling pwm.c...
compiling can.c...
compiling rng.c...
compiling Time7.c...
compiling gpio.c...
..\Drivers\GPIO\gpio.c(86): warning:  #940-D: missing return statement at end of non-void function "Key1" 
   }
..\Drivers\GPIO\gpio.c: 1 warning, 0 errors
compiling kalman.c...
compiling usart6.c...
compiling pid.c...
compiling BSP_Flash.c...
compiling kalman_filter.c...
compiling user_lib.c...
compiling accelerometer_calibration.c...
compiling mpu_delay.c...
compiling BSP_MPU9250_Init.c...
assembling startup_stm32f40_41xxx.s...
compiling Filter_Control.c...
compiling sys.c...
compiling MPU_TIME_Init.c...
compiling MPU_SPI_Init.c...
compiling delay.c...
compiling stm32f4xx_it.c...
compiling IMUTask.c...
compiling system_stm32f4xx.c...
compiling misc.c...
compiling stm32f4xx_cec.c...
compiling stm32f4xx_crc.c...
compiling stm32f4xx_adc.c...
compiling stm32f4xx_cryp.c...
compiling stm32f4xx_can.c...
compiling stm32f4xx_cryp_aes.c...
compiling stm32f4xx_cryp_des.c...
compiling stm32f4xx_dac.c...
compiling stm32f4xx_dfsdm.c...
compiling stm32f4xx_cryp_tdes.c...
compiling stm32f4xx_dbgmcu.c...
compiling stm32f4xx_dcmi.c...
compiling stm32f4xx_dma.c...
compiling stm32f4xx_dma2d.c...
compiling stm32f4xx_dsi.c...
compiling stm32f4xx_exti.c...
compiling stm32f4xx_flash_ramfunc.c...
compiling stm32f4xx_flash.c...
compiling stm32f4xx_fmpi2c.c...
compiling stm32f4xx_gpio.c...
compiling stm32f4xx_iwdg.c...
compiling stm32f4xx_hash_md5.c...
compiling stm32f4xx_hash_sha1.c...
compiling stm32f4xx_lptim.c...
compiling stm32f4xx_hash.c...
compiling stm32f4xx_i2c.c...
compiling stm32f4xx_ltdc.c...
compiling stm32f4xx_qspi.c...
compiling stm32f4xx_pwr.c...
compiling stm32f4xx_sai.c...
compiling stm32f4xx_rcc.c...
compiling stm32f4xx_rng.c...
compiling stm32f4xx_rtc.c...
compiling stm32f4xx_spdifrx.c...
compiling stm32f4xx_syscfg.c...
compiling stm32f4xx_usart.c...
compiling stm32f4xx_sdio.c...
compiling stm32f4xx_wwdg.c...
compiling stm32f4xx_spi.c...
compiling stm32f4xx_tim.c...
compiling list.c...
compiling croutine.c...
compiling timers.c...
compiling event_groups.c...
compiling queue.c...
compiling cmsis_os.c...
compiling tasks.c...
compiling get_judge_measure.c...
compiling protocol.c...
compiling heap_4.c...
compiling port.c...
compiling judgement_info.c...
compiling RM_Cilent_UI.c...
linking...
Program Size: Code=26396 RO-data=1964 RW-data=404 ZI-data=46188  
".\Objects\zero.axf" - 0 Error(s), 1 Warning(s).

<h2>Software Packages used:</h2>

Package Vendor: Keil
                http://www.keil.com/pack/Keil.STM32F4xx_DFP.2.16.0.pack
                Keil.STM32F4xx_DFP.2.16.0
                STMicroelectronics STM32F4 Series Device Support, Drivers and Examples

<h2>Collection of Component include folders:</h2>
  D:\MDK5\Install\Pack\Keil\STM32F4xx_DFP\2.16.0\Drivers\CMSIS\Device\ST\STM32F4xx\Include

<h2>Collection of Component Files used:</h2>
Build Time Elapsed:  00:00:23
</pre>
</body>
</html>
